Archive member included to satisfy reference by file (symbol)

c:/st/stm32cubeide_1.9.0/stm32cubeide/plugins/com.st.stm32cube.ide.mcu.externaltools.gnu-tools-for-stm32.10.3-2021.10.win32_1.0.0.202111181127/tools/bin/../lib/gcc/arm-none-eabi/10.3.1/../../../../arm-none-eabi/lib/thumb/v7e-m+fp/hard\libc_nano.a(lib_a-atoi.o)
                              ./Core/Src/CLI.o (atoi)
c:/st/stm32cubeide_1.9.0/stm32cubeide/plugins/com.st.stm32cube.ide.mcu.externaltools.gnu-tools-for-stm32.10.3-2021.10.win32_1.0.0.202111181127/tools/bin/../lib/gcc/arm-none-eabi/10.3.1/../../../../arm-none-eabi/lib/thumb/v7e-m+fp/hard\libc_nano.a(lib_a-errno.o)
                              ./Core/Src/syscalls.o (__errno)
c:/st/stm32cubeide_1.9.0/stm32cubeide/plugins/com.st.stm32cube.ide.mcu.externaltools.gnu-tools-for-stm32.10.3-2021.10.win32_1.0.0.202111181127/tools/bin/../lib/gcc/arm-none-eabi/10.3.1/../../../../arm-none-eabi/lib/thumb/v7e-m+fp/hard\libc_nano.a(lib_a-exit.o)
                              c:/st/stm32cubeide_1.9.0/stm32cubeide/plugins/com.st.stm32cube.ide.mcu.externaltools.gnu-tools-for-stm32.10.3-2021.10.win32_1.0.0.202111181127/tools/bin/../lib/gcc/arm-none-eabi/10.3.1/../../../../arm-none-eabi/lib/thumb/v7e-m+fp/hard/crt0.o (exit)
c:/st/stm32cubeide_1.9.0/stm32cubeide/plugins/com.st.stm32cube.ide.mcu.externaltools.gnu-tools-for-stm32.10.3-2021.10.win32_1.0.0.202111181127/tools/bin/../lib/gcc/arm-none-eabi/10.3.1/../../../../arm-none-eabi/lib/thumb/v7e-m+fp/hard\libc_nano.a(lib_a-impure.o)
                              c:/st/stm32cubeide_1.9.0/stm32cubeide/plugins/com.st.stm32cube.ide.mcu.externaltools.gnu-tools-for-stm32.10.3-2021.10.win32_1.0.0.202111181127/tools/bin/../lib/gcc/arm-none-eabi/10.3.1/../../../../arm-none-eabi/lib/thumb/v7e-m+fp/hard\libc_nano.a(lib_a-exit.o) (_global_impure_ptr)
c:/st/stm32cubeide_1.9.0/stm32cubeide/plugins/com.st.stm32cube.ide.mcu.externaltools.gnu-tools-for-stm32.10.3-2021.10.win32_1.0.0.202111181127/tools/bin/../lib/gcc/arm-none-eabi/10.3.1/../../../../arm-none-eabi/lib/thumb/v7e-m+fp/hard\libc_nano.a(lib_a-init.o)
                              c:/st/stm32cubeide_1.9.0/stm32cubeide/plugins/com.st.stm32cube.ide.mcu.externaltools.gnu-tools-for-stm32.10.3-2021.10.win32_1.0.0.202111181127/tools/bin/../lib/gcc/arm-none-eabi/10.3.1/../../../../arm-none-eabi/lib/thumb/v7e-m+fp/hard/crt0.o (__libc_init_array)
c:/st/stm32cubeide_1.9.0/stm32cubeide/plugins/com.st.stm32cube.ide.mcu.externaltools.gnu-tools-for-stm32.10.3-2021.10.win32_1.0.0.202111181127/tools/bin/../lib/gcc/arm-none-eabi/10.3.1/../../../../arm-none-eabi/lib/thumb/v7e-m+fp/hard\libc_nano.a(lib_a-memset.o)
                              c:/st/stm32cubeide_1.9.0/stm32cubeide/plugins/com.st.stm32cube.ide.mcu.externaltools.gnu-tools-for-stm32.10.3-2021.10.win32_1.0.0.202111181127/tools/bin/../lib/gcc/arm-none-eabi/10.3.1/../../../../arm-none-eabi/lib/thumb/v7e-m+fp/hard/crt0.o (memset)
c:/st/stm32cubeide_1.9.0/stm32cubeide/plugins/com.st.stm32cube.ide.mcu.externaltools.gnu-tools-for-stm32.10.3-2021.10.win32_1.0.0.202111181127/tools/bin/../lib/gcc/arm-none-eabi/10.3.1/../../../../arm-none-eabi/lib/thumb/v7e-m+fp/hard\libc_nano.a(lib_a-printf.o)
                              ./Core/Src/CLI.o (printf)
c:/st/stm32cubeide_1.9.0/stm32cubeide/plugins/com.st.stm32cube.ide.mcu.externaltools.gnu-tools-for-stm32.10.3-2021.10.win32_1.0.0.202111181127/tools/bin/../lib/gcc/arm-none-eabi/10.3.1/../../../../arm-none-eabi/lib/thumb/v7e-m+fp/hard\libc_nano.a(lib_a-puts.o)
                              ./Core/Src/Flash.o (puts)
c:/st/stm32cubeide_1.9.0/stm32cubeide/plugins/com.st.stm32cube.ide.mcu.externaltools.gnu-tools-for-stm32.10.3-2021.10.win32_1.0.0.202111181127/tools/bin/../lib/gcc/arm-none-eabi/10.3.1/../../../../arm-none-eabi/lib/thumb/v7e-m+fp/hard\libc_nano.a(lib_a-sscanf.o)
                              ./Core/Src/comtask.o (sscanf)
c:/st/stm32cubeide_1.9.0/stm32cubeide/plugins/com.st.stm32cube.ide.mcu.externaltools.gnu-tools-for-stm32.10.3-2021.10.win32_1.0.0.202111181127/tools/bin/../lib/gcc/arm-none-eabi/10.3.1/../../../../arm-none-eabi/lib/thumb/v7e-m+fp/hard\libc_nano.a(lib_a-stdio.o)
                              c:/st/stm32cubeide_1.9.0/stm32cubeide/plugins/com.st.stm32cube.ide.mcu.externaltools.gnu-tools-for-stm32.10.3-2021.10.win32_1.0.0.202111181127/tools/bin/../lib/gcc/arm-none-eabi/10.3.1/../../../../arm-none-eabi/lib/thumb/v7e-m+fp/hard\libc_nano.a(lib_a-sscanf.o) (__seofread)
c:/st/stm32cubeide_1.9.0/stm32cubeide/plugins/com.st.stm32cube.ide.mcu.externaltools.gnu-tools-for-stm32.10.3-2021.10.win32_1.0.0.202111181127/tools/bin/../lib/gcc/arm-none-eabi/10.3.1/../../../../arm-none-eabi/lib/thumb/v7e-m+fp/hard\libc_nano.a(lib_a-strcmp.o)
                              ./Core/Src/comtask.o (strcmp)
[...]
Memory Configuration

Name             Origin             Length             Attributes
RAM              0x0000000020000000 0x0000000000018000 xrw
RAM2             0x0000000010000000 0x0000000000008000 xrw
FLASH            0x0000000008000000 0x0000000000100000 xr
*default*        0x0000000000000000 0xffffffffffffffff

Linker script and memory map

LOAD c:/st/stm32cubeide_1.9.0/stm32cubeide/plugins/com.st.stm32cube.ide.mcu.externaltools.gnu-tools-for-stm32.10.3-2021.10.win32_1.0.0.202111181127/tools/bin/../lib/gcc/arm-none-eabi/10.3.1/thumb/v7e-m+fp/hard/crti.o
LOAD c:/st/stm32cubeide_1.9.0/stm32cubeide/plugins/com.st.stm32cube.ide.mcu.externaltools.gnu-tools-for-stm32.10.3-2021.10.win32_1.0.0.202111181127/tools/bin/../lib/gcc/arm-none-eabi/10.3.1/thumb/v7e-m+fp/hard/crtbegin.o
LOAD c:/st/stm32cubeide_1.9.0/stm32cubeide/plugins/com.st.stm32cube.ide.mcu.externaltools.gnu-tools-for-stm32.10.3-2021.10.win32_1.0.0.202111181127/tools/bin/../lib/gcc/arm-none-eabi/10.3.1/../../../../arm-none-eabi/lib/thumb/v7e-m+fp/hard/crt0.o
LOAD ./Core/Src/Alarm.o
LOAD ./Core/Src/CLI.o
LOAD ./Core/Src/DHA_11.o
LOAD ./Core/Src/Flash.o
LOAD ./Core/Src/LED.o
LOAD ./Core/Src/MainTimer.o
LOAD ./Core/Src/RGBLED.o
LOAD ./Core/Src/clock.o
LOAD ./Core/Src/comtask.o
LOAD ./Core/Src/lightsens.o
LOAD ./Core/Src/main.o
LOAD ./Core/Src/mybuzzer.o
LOAD ./Core/Src/mymain.o
LOAD ./Core/Src/new_button.o
LOAD ./Core/Src/potentiometer.o
LOAD ./Core/Src/stm32l4xx_hal_msp.o
LOAD ./Core/Src/stm32l4xx_it.o
LOAD ./Core/Src/syscalls.o
LOAD ./Core/Src/sysmem.o
LOAD ./Core/Src/system_stm32l4xx.o
LOAD ./Core/Startup/startup_stm32l476rgtx.o
LOAD ./Drivers/STM32L4xx_HAL_Driver/Src/stm32l4xx_hal.o
LOAD ./Drivers/STM32L4xx_HAL_Driver/Src/stm32l4xx_hal_adc.o
LOAD ./Drivers/STM32L4xx_HAL_Driver/Src/stm32l4xx_hal_adc_ex.o
LOAD ./Drivers/STM32L4xx_HAL_Driver/Src/stm32l4xx_hal_cortex.o
LOAD ./Drivers/STM32L4xx_HAL_Driver/Src/stm32l4xx_hal_dma.o
LOAD ./Drivers/STM32L4xx_HAL_Driver/Src/stm32l4xx_hal_dma_ex.o
LOAD ./Drivers/STM32L4xx_HAL_Driver/Src/stm32l4xx_hal_exti.o
LOAD ./Drivers/STM32L4xx_HAL_Driver/Src/stm32l4xx_hal_flash.o
LOAD ./Drivers/STM32L4xx_HAL_Driver/Src/stm32l4xx_hal_flash_ex.o
LOAD ./Drivers/STM32L4xx_HAL_Driver/Src/stm32l4xx_hal_flash_ramfunc.o
LOAD ./Drivers/STM32L4xx_HAL_Driver/Src/stm32l4xx_hal_gpio.o
LOAD ./Drivers/STM32L4xx_HAL_Driver/Src/stm32l4xx_hal_i2c.o
LOAD ./Drivers/STM32L4xx_HAL_Driver/Src/stm32l4xx_hal_i2c_ex.o
LOAD ./Drivers/STM32L4xx_HAL_Driver/Src/stm32l4xx_hal_pwr.o
LOAD ./Drivers/STM32L4xx_HAL_Driver/Src/stm32l4xx_hal_pwr_ex.o
LOAD ./Drivers/STM32L4xx_HAL_Driver/Src/stm32l4xx_hal_rcc.o
LOAD ./Drivers/STM32L4xx_HAL_Driver/Src/stm32l4xx_hal_rcc_ex.o
LOAD ./Drivers/STM32L4xx_HAL_Driver/Src/stm32l4xx_hal_tim.o
LOAD ./Drivers/STM32L4xx_HAL_Driver/Src/stm32l4xx_hal_tim_ex.o
LOAD ./Drivers/STM32L4xx_HAL_Driver/Src/stm32l4xx_hal_uart.o
LOAD ./Drivers/STM32L4xx_HAL_Driver/Src/stm32l4xx_hal_uart_ex.o
START GROUP
LOAD c:/st/stm32cubeide_1.9.0/stm32cubeide/plugins/com.st.stm32cube.ide.mcu.externaltools.gnu-tools-for-stm32.10.3-2021.10.win32_1.0.0.202111181127/tools/bin/../lib/gcc/arm-none-eabi/10.3.1/../../../../arm-none-eabi/lib/thumb/v7e-m+fp/hard\libc_nano.a
LOAD c:/st/stm32cubeide_1.9.0/stm32cubeide/plugins/com.st.stm32cube.ide.mcu.externaltools.gnu-tools-for-stm32.10.3-2021.10.win32_1.0.0.202111181127/tools/bin/../lib/gcc/arm-none-eabi/10.3.1/../../../../arm-none-eabi/lib/thumb/v7e-m+fp/hard\libm.a
END GROUP
START GROUP
LOAD c:/st/stm32cubeide_1.9.0/stm32cubeide/plugins/com.st.stm32cube.ide.mcu.externaltools.gnu-tools-for-stm32.10.3-2021.10.win32_1.0.0.202111181127/tools/bin/../lib/gcc/arm-none-eabi/10.3.1/thumb/v7e-m+fp/hard\libgcc.a
LOAD c:/st/stm32cubeide_1.9.0/stm32cubeide/plugins/com.st.stm32cube.ide.mcu.externaltools.gnu-tools-for-stm32.10.3-2021.10.win32_1.0.0.202111181127/tools/bin/../lib/gcc/arm-none-eabi/10.3.1/../../../../arm-none-eabi/lib/thumb/v7e-m+fp/hard\libc_nano.a
END GROUP
START GROUP
LOAD c:/st/stm32cubeide_1.9.0/stm32cubeide/plugins/com.st.stm32cube.ide.mcu.externaltools.gnu-tools-for-stm32.10.3-2021.10.win32_1.0.0.202111181127/tools/bin/../lib/gcc/arm-none-eabi/10.3.1/thumb/v7e-m+fp/hard\libgcc.a
LOAD c:/st/stm32cubeide_1.9.0/stm32cubeide/plugins/com.st.stm32cube.ide.mcu.externaltools.gnu-tools-for-stm32.10.3-2021.10.win32_1.0.0.202111181127/tools/bin/../lib/gcc/arm-none-eabi/10.3.1/../../../../arm-none-eabi/lib/thumb/v7e-m+fp/hard\libc_nano.a
LOAD c:/st/stm32cubeide_1.9.0/stm32cubeide/plugins/com.st.stm32cube.ide.mcu.externaltools.gnu-tools-for-stm32.10.3-2021.10.win32_1.0.0.202111181127/tools/bin/../lib/gcc/arm-none-eabi/10.3.1/../../../../arm-none-eabi/lib/thumb/v7e-m+fp/hard\libnosys.a
END GROUP
START GROUP
LOAD c:/st/stm32cubeide_1.9.0/stm32cubeide/plugins/com.st.stm32cube.ide.mcu.externaltools.gnu-tools-for-stm32.10.3-2021.10.win32_1.0.0.202111181127/tools/bin/../lib/gcc/arm-none-eabi/10.3.1/thumb/v7e-m+fp/hard\libgcc.a
LOAD c:/st/stm32cubeide_1.9.0/stm32cubeide/plugins/com.st.stm32cube.ide.mcu.externaltools.gnu-tools-for-stm32.10.3-2021.10.win32_1.0.0.202111181127/tools/bin/../lib/gcc/arm-none-eabi/10.3.1/../../../../arm-none-eabi/lib/thumb/v7e-m+fp/hard\libc_nano.a
LOAD c:/st/stm32cubeide_1.9.0/stm32cubeide/plugins/com.st.stm32cube.ide.mcu.externaltools.gnu-tools-for-stm32.10.3-2021.10.win32_1.0.0.202111181127/tools/bin/../lib/gcc/arm-none-eabi/10.3.1/../../../../arm-none-eabi/lib/thumb/v7e-m+fp/hard\libnosys.a
END GROUP
LOAD c:/st/stm32cubeide_1.9.0/stm32cubeide/plugins/com.st.stm32cube.ide.mcu.externaltools.gnu-tools-for-stm32.10.3-2021.10.win32_1.0.0.202111181127/tools/bin/../lib/gcc/arm-none-eabi/10.3.1/thumb/v7e-m+fp/hard/crtend.o
LOAD c:/st/stm32cubeide_1.9.0/stm32cubeide/plugins/com.st.stm32cube.ide.mcu.externaltools.gnu-tools-for-stm32.10.3-2021.10.win32_1.0.0.202111181127/tools/bin/../lib/gcc/arm-none-eabi/10.3.1/thumb/v7e-m+fp/hard/crtn.o
                0x0000000020018000                _estack = (ORIGIN (RAM) + LENGTH (RAM))
                0x0000000000000200                _Min_Heap_Size = 0x200
                0x0000000000000400                _Min_Stack_Size = 0x400

.isr_vector     0x0000000008000000      0x188
                0x0000000008000000                . = ALIGN (0x4)
 *(.isr_vector)
 .isr_vector    0x0000000008000000      0x188 ./Core/Startup/startup_stm32l476rgtx.o
                0x0000000008000000                g_pfnVectors
                0x0000000008000188                . = ALIGN (0x4)

.text           0x0000000008000190     0xa404
                0x0000000008000190                . = ALIGN (0x4)
 *(.text)
 .text          0x0000000008000190       0x40 c:/st/stm32cubeide_1.9.0/stm32cubeide/plugins/com.st.stm32cube.ide.mcu.externaltools.gnu-tools-for-stm32.10.3-2021.10.win32_1.0.0.202111181127/tools/bin/../lib/gcc/arm-none-eabi/10.3.1/thumb/v7e-m+fp/hard/crtbegin.o
 .text          0x00000000080001d0       0x14 c:/st/stm32cubeide_1.9.0/stm32cubeide/plugins/com.st.stm32cube.ide.mcu.externaltools.gnu-tools-for-stm32.10.3-2021.10.win32_1.0.0.202111181127/tools/bin/../lib/gcc/arm-none-eabi/10.3.1/../../../../arm-none-eabi/lib/thumb/v7e-m+fp/hard\libc_nano.a(lib_a-strcmp.o)
                0x00000000080001d0                strcmp
 .text          0x00000000080001e4       0x10 c:/st/stm32cubeide_1.9.0/stm32cubeide/plugins/com.st.stm32cube.ide.mcu.externaltools.gnu-tools-for-stm32.10.3-2021.10.win32_1.0.0.202111181127/tools/bin/../lib/gcc/arm-none-eabi/10.3.1/../../../../arm-none-eabi/lib/thumb/v7e-m+fp/hard\libc_nano.a(lib_a-strlen.o)
                0x00000000080001e4                strlen
 *fill*         0x00000000080001f4        0xc 
 .text          0x0000000008000200       0xa0 c:/st/stm32cubeide_1.9.0/stm32cubeide/plugins/com.st.stm32cube.ide.mcu.externaltools.gnu-tools-for-stm32.10.3-2021.10.win32_1.0.0.202111181127/tools/bin/../lib/gcc/arm-none-eabi/10.3.1/../../../../arm-none-eabi/lib/thumb/v7e-m+fp/hard\libc_nano.a(lib_a-memchr.o)
                0x0000000008000200                memchr
 .text          0x00000000080002a0       0x30 c:/st/stm32cubeide_1.9.0/stm32cubeide/plugins/com.st.stm32cube.ide.mcu.externaltools.gnu-tools-for-stm32.10.3-2021.10.win32_1.0.0.202111181127/tools/bin/../lib/gcc/arm-none-eabi/10.3.1/thumb/v7e-m+fp/hard\libgcc.a(_aeabi_uldivmod.o)
                0x00000000080002a0                __aeabi_uldivmod
 .text          0x00000000080002d0      0x2d0 c:/st/stm32cubeide_1.9.0/stm32cubeide/plugins/com.st.stm32cube.ide.mcu.externaltools.gnu-tools-for-stm32.10.3-2021.10.win32_1.0.0.202111181127/tools/bin/../lib/gcc/arm-none-eabi/10.3.1/thumb/v7e-m+fp/hard\libgcc.a(_udivmoddi4.o)
                0x00000000080002d0                __udivmoddi4
 .text          0x00000000080005a0        0x4 c:/st/stm32cubeide_1.9.0/stm32cubeide/plugins/com.st.stm32cube.ide.mcu.externaltools.gnu-tools-for-stm32.10.3-2021.10.win32_1.0.0.202111181127/tools/bin/../lib/gcc/arm-none-eabi/10.3.1/thumb/v7e-m+fp/hard\libgcc.a(_dvmd_tls.o)
                0x00000000080005a0                __aeabi_idiv0
                0x00000000080005a0                __aeabi_ldiv0
 *(.text*)
 .text.cmdLedon
                0x00000000080005a4       0x30 ./Core/Src/CLI.o
                0x00000000080005a4                cmdLedon
 .text.cmdLedoff
                0x00000000080005d4       0x30 ./Core/Src/CLI.o
                0x00000000080005d4                cmdLedoff
 .text.cmdledblink
                0x0000000008000604       0x3c ./Core/Src/CLI.o
                0x0000000008000604                cmdledblink
 .text.cmdledbright
                0x0000000008000640       0x3c ./Core/Src/CLI.o
                0x0000000008000640                cmdledbright
 .text.cmdClockTick
                0x000000000800067c       0x34 ./Core/Src/CLI.o
                0x000000000800067c                cmdClockTick
 .text.cmdClockTime
                0x00000000080006b0       0x44 ./Core/Src/CLI.o
                0x00000000080006b0                cmdClockTime
 .text.cmdBuzzerStartPlay
                0x00000000080006f4       0x28 ./Core/Src/CLI.o
                0x00000000080006f4                cmdBuzzerStartPlay
 .text.cmdBuzzerStopPlay
                0x000000000800071c       0x1c ./Core/Src/CLI.o
                0x000000000800071c                cmdBuzzerStopPlay
 .text.cmdGetTempAndHumidity
                0x0000000008000738       0x1c ./Core/Src/CLI.o
                0x0000000008000738                cmdGetTempAndHumidity
 .text.initCLI  0x0000000008000754       0xbc ./Core/Src/CLI.o
                0x0000000008000754                initCLI
 .text.DHT_Init
                0x0000000008000810       0x32 ./Core/Src/DHA_11.o
                0x0000000008000810                DHT_Init
 .text.setGpioExti
                0x0000000008000842       0x46 ./Core/Src/DHA_11.o
 .text.Dht_readAsync
                0x0000000008000888       0x48 ./Core/Src/DHA_11.o
                0x0000000008000888                Dht_readAsync
 .text.Dht_onGpioInterrupt
                0x00000000080008d0      0x130 ./Core/Src/DHA_11.o
                0x00000000080008d0                Dht_onGpioInterrupt
 .text.Dht_hasData
                0x0000000008000a00       0x3c ./Core/Src/DHA_11.o
                0x0000000008000a00                Dht_hasData
 .text.pageSelect
                0x0000000008000a3c       0x2e ./Core/Src/Flash.o
                0x0000000008000a3c                pageSelect
 *fill*         0x0000000008000a6a        0x2 
 .text.eraseIT  0x0000000008000a6c       0x34 ./Core/Src/Flash.o
                0x0000000008000a6c                eraseIT
 .text.ledInit  0x0000000008000aa0       0x46 ./Core/Src/LED.o
                0x0000000008000aa0                ledInit
 *fill*         0x0000000008000ae6        0x2 
 .text.ledOn    0x0000000008000ae8       0x48 ./Core/Src/LED.o
                0x0000000008000ae8                ledOn
 .text.ledOff   0x0000000008000b30       0x34 ./Core/Src/LED.o
                0x0000000008000b30                ledOff
 .text.ledBlink
                0x0000000008000b64       0x40 ./Core/Src/LED.o
                0x0000000008000b64                ledBlink
 .text.ledOnTimerInterrupt
                0x0000000008000ba4       0x44 ./Core/Src/LED.o
                0x0000000008000ba4                ledOnTimerInterrupt
 .text.ledsetbrightness
                0x0000000008000be8       0x90 ./Core/Src/LED.o
                0x0000000008000be8                ledsetbrightness
 .text.MainTimer_registerCallback
                0x0000000008000c78       0x44 ./Core/Src/MainTimer.o
                0x0000000008000c78                MainTimer_registerCallback
 .text.mainTimerLed
                0x0000000008000cbc       0x1a ./Core/Src/MainTimer.o
                0x0000000008000cbc                mainTimerLed
 .text.mainTimerBuzzer
                0x0000000008000cd6       0x1a ./Core/Src/MainTimer.o
                0x0000000008000cd6                mainTimerBuzzer
 .text.mainTimerClock
                0x0000000008000cf0       0x1a ./Core/Src/MainTimer.o
                0x0000000008000cf0                mainTimerClock
 *fill*         0x0000000008000d0a        0x2 
 .text.MainTimer_UnregisterCallback
                0x0000000008000d0c       0xbc ./Core/Src/MainTimer.o
                0x0000000008000d0c                MainTimer_UnregisterCallback
 .text.MainTimerInterrupt
                0x0000000008000dc8       0x44 ./Core/Src/MainTimer.o
                0x0000000008000dc8                MainTimerInterrupt
 .text.clockInit
                0x0000000008000e0c       0x2c ./Core/Src/clock.o
                0x0000000008000e0c                clockInit
 .text.getClockTick
                0x0000000008000e38       0x1e ./Core/Src/clock.o
                0x0000000008000e38                getClockTick
 *fill*         0x0000000008000e56        0x2 
 .text.getTime  0x0000000008000e58       0x88 ./Core/Src/clock.o
                0x0000000008000e58                getTime
 .text.clockInInterrupt
                0x0000000008000ee0       0x1e ./Core/Src/clock.o
                0x0000000008000ee0                clockInInterrupt
 *fill*         0x0000000008000efe        0x2 
 .text.RegisterCommand
                0x0000000008000f00       0x6c ./Core/Src/comtask.o
                0x0000000008000f00                RegisterCommand
 .text.commTask
                0x0000000008000f6c       0xfc ./Core/Src/comtask.o
                0x0000000008000f6c                commTask
 .text.handleCommand
                0x0000000008001068       0xa8 ./Core/Src/comtask.o
                0x0000000008001068                handleCommand
 .text.lightsenseInit
                0x0000000008001110       0x24 ./Core/Src/lightsens.o
                0x0000000008001110                lightsenseInit
 .text.main     0x0000000008001134       0x32 ./Core/Src/main.o
                0x0000000008001134                main
 .text.SystemClock_Config
                0x0000000008001166       0xa2 ./Core/Src/main.o
                0x0000000008001166                SystemClock_Config
 .text.MX_ADC1_Init
                0x0000000008001208       0xf0 ./Core/Src/main.o
 .text.MX_TIM1_Init
                0x00000000080012f8       0xa8 ./Core/Src/main.o
 .text.MX_TIM3_Init
                0x00000000080013a0       0xb4 ./Core/Src/main.o
 .text.MX_TIM4_Init
                0x0000000008001454      0x100 ./Core/Src/main.o
 .text.MX_TIM6_Init
                0x0000000008001554       0x6c ./Core/Src/main.o
 .text.MX_USART2_UART_Init
                0x00000000080015c0       0x60 ./Core/Src/main.o
 .text.MX_GPIO_Init
                0x0000000008001620      0x10c ./Core/Src/main.o
 .text.Error_Handler
                0x000000000800172c        0xa ./Core/Src/main.o
                0x000000000800172c                Error_Handler
 .text.buzzerInit
                0x0000000008001736       0x1c ./Core/Src/mybuzzer.o
                0x0000000008001736                buzzerInit
 *fill*         0x0000000008001752        0x2 
 .text.buzzerStartPlay
                0x0000000008001754       0x98 ./Core/Src/mybuzzer.o
                0x0000000008001754                buzzerStartPlay
 .text.buzzerStopPlay
                0x00000000080017ec       0x44 ./Core/Src/mybuzzer.o
                0x00000000080017ec                buzzerStopPlay
 .text.buzzerOnInterrupt
                0x0000000008001830       0xd8 ./Core/Src/mybuzzer.o
                0x0000000008001830                buzzerOnInterrupt
 .text._write   0x0000000008001908       0x2c ./Core/Src/mymain.o
                0x0000000008001908                _write
 .text.HAL_TIM_PWM_PulseFinishedCallback
                0x0000000008001934       0x30 ./Core/Src/mymain.o
                0x0000000008001934                HAL_TIM_PWM_PulseFinishedCallback
 .text.HAL_ADC_ConvCpltCallback
                0x0000000008001964       0x14 ./Core/Src/mymain.o
                0x0000000008001964                HAL_ADC_ConvCpltCallback
 .text.HAL_GPIO_EXTI_Callback
                0x0000000008001978       0x20 ./Core/Src/mymain.o
                0x0000000008001978                HAL_GPIO_EXTI_Callback
 .text.HAL_TIM_PeriodElapsedCallback
                0x0000000008001998       0x44 ./Core/Src/mymain.o
                0x0000000008001998                HAL_TIM_PeriodElapsedCallback
 .text.mymaininit
                0x00000000080019dc      0x100 ./Core/Src/mymain.o
                0x00000000080019dc                mymaininit
 .text.mymainloop
                0x0000000008001adc       0x44 ./Core/Src/mymain.o
                0x0000000008001adc                mymainloop
 .text.buttoninit
                0x0000000008001b20       0x38 ./Core/Src/new_button.o
                0x0000000008001b20                buttoninit
 .text.adcInit  0x0000000008001b58       0x1c ./Core/Src/potentiometer.o
                0x0000000008001b58                adcInit
 .text.HAL_MspInit
                0x0000000008001b74       0x54 ./Core/Src/stm32l4xx_hal_msp.o
                0x0000000008001b74                HAL_MspInit
 .text.HAL_ADC_MspInit
                0x0000000008001bc8       0xe0 ./Core/Src/stm32l4xx_hal_msp.o
                0x0000000008001bc8                HAL_ADC_MspInit
 .text.HAL_TIM_Base_MspInit
                0x0000000008001ca8       0xac ./Core/Src/stm32l4xx_hal_msp.o
                0x0000000008001ca8                HAL_TIM_Base_MspInit
 .text.HAL_TIM_PWM_MspInit
                0x0000000008001d54       0x4c ./Core/Src/stm32l4xx_hal_msp.o
                0x0000000008001d54                HAL_TIM_PWM_MspInit
 .text.HAL_TIM_MspPostInit
                0x0000000008001da0       0x70 ./Core/Src/stm32l4xx_hal_msp.o
                0x0000000008001da0                HAL_TIM_MspPostInit
 .text.HAL_UART_MspInit
                0x0000000008001e10       0xc8 ./Core/Src/stm32l4xx_hal_msp.o
                0x0000000008001e10                HAL_UART_MspInit
 .text.NMI_Handler
                0x0000000008001ed8        0x6 ./Core/Src/stm32l4xx_it.o
                0x0000000008001ed8                NMI_Handler
 .text.HardFault_Handler
                0x0000000008001ede        0x6 ./Core/Src/stm32l4xx_it.o
                0x0000000008001ede                HardFault_Handler
 .text.MemManage_Handler
                0x0000000008001ee4        0x6 ./Core/Src/stm32l4xx_it.o
                0x0000000008001ee4                MemManage_Handler
 .text.BusFault_Handler
                0x0000000008001eea        0x6 ./Core/Src/stm32l4xx_it.o
                0x0000000008001eea                BusFault_Handler
 .text.UsageFault_Handler
                0x0000000008001ef0        0x6 ./Core/Src/stm32l4xx_it.o
                0x0000000008001ef0                UsageFault_Handler
 .text.SVC_Handler
                0x0000000008001ef6        0xe ./Core/Src/stm32l4xx_it.o
                0x0000000008001ef6                SVC_Handler
 .text.DebugMon_Handler
                0x0000000008001f04        0xe ./Core/Src/stm32l4xx_it.o
                0x0000000008001f04                DebugMon_Handler
 .text.PendSV_Handler
                0x0000000008001f12        0xe ./Core/Src/stm32l4xx_it.o
                0x0000000008001f12                PendSV_Handler
 .text.SysTick_Handler
                0x0000000008001f20        0xc ./Core/Src/stm32l4xx_it.o
                0x0000000008001f20                SysTick_Handler
 .text.FLASH_IRQHandler
                0x0000000008001f2c        0xc ./Core/Src/stm32l4xx_it.o
                0x0000000008001f2c                FLASH_IRQHandler
 .text.ADC1_2_IRQHandler
                0x0000000008001f38       0x14 ./Core/Src/stm32l4xx_it.o
                0x0000000008001f38                ADC1_2_IRQHandler
 .text.EXTI9_5_IRQHandler
                0x0000000008001f4c        0xe ./Core/Src/stm32l4xx_it.o
                0x0000000008001f4c                EXTI9_5_IRQHandler
 *fill*         0x0000000008001f5a        0x2 
 .text.TIM3_IRQHandler
                0x0000000008001f5c       0x14 ./Core/Src/stm32l4xx_it.o
                0x0000000008001f5c                TIM3_IRQHandler
 .text.TIM4_IRQHandler
                0x0000000008001f70       0x14 ./Core/Src/stm32l4xx_it.o
                0x0000000008001f70                TIM4_IRQHandler
 .text.USART2_IRQHandler
                0x0000000008001f84       0x14 ./Core/Src/stm32l4xx_it.o
                0x0000000008001f84                USART2_IRQHandler
 .text.EXTI15_10_IRQHandler
                0x0000000008001f98       0x10 ./Core/Src/stm32l4xx_it.o
                0x0000000008001f98                EXTI15_10_IRQHandler
 .text.TIM6_DAC_IRQHandler
                0x0000000008001fa8       0x14 ./Core/Src/stm32l4xx_it.o
                0x0000000008001fa8                TIM6_DAC_IRQHandler
 .text._read    0x0000000008001fbc       0x3a ./Core/Src/syscalls.o
                0x0000000008001fbc                _read
 .text._close   0x0000000008001ff6       0x18 ./Core/Src/syscalls.o
                0x0000000008001ff6                _close
 .text._fstat   0x000000000800200e       0x20 ./Core/Src/syscalls.o
                0x000000000800200e                _fstat
 .text._isatty  0x000000000800202e       0x16 ./Core/Src/syscalls.o
                0x000000000800202e                _isatty
 .text._lseek   0x0000000008002044       0x1a ./Core/Src/syscalls.o
                0x0000000008002044                _lseek
 *fill*         0x000000000800205e        0x2 
 .text._sbrk    0x0000000008002060       0x6c ./Core/Src/sysmem.o
                0x0000000008002060                _sbrk
 .text.SystemInit
                0x00000000080020cc       0x24 ./Core/Src/system_stm32l4xx.o
                0x00000000080020cc                SystemInit
 .text.Reset_Handler
                0x00000000080020f0       0x50 ./Core/Startup/startup_stm32l476rgtx.o
                0x00000000080020f0                Reset_Handler
 .text.Default_Handler
                0x0000000008002140        0x2 ./Core/Startup/startup_stm32l476rgtx.o
                0x0000000008002140                RTC_Alarm_IRQHandler
                0x0000000008002140                EXTI2_IRQHandler
                0x0000000008002140                TIM8_TRG_COM_IRQHandler
                0x0000000008002140                TIM8_CC_IRQHandler
                0x0000000008002140                TIM1_CC_IRQHandler
                0x0000000008002140                TSC_IRQHandler
                0x0000000008002140                TAMP_STAMP_IRQHandler
                0x0000000008002140                EXTI3_IRQHandler
                0x0000000008002140                LPTIM2_IRQHandler
                0x0000000008002140                DFSDM1_FLT1_IRQHandler
                0x0000000008002140                I2C3_ER_IRQHandler
                0x0000000008002140                DFSDM1_FLT2_IRQHandler
                0x0000000008002140                EXTI0_IRQHandler
                0x0000000008002140                I2C2_EV_IRQHandler
                0x0000000008002140                CAN1_RX0_IRQHandler
                0x0000000008002140                FPU_IRQHandler
                0x0000000008002140                TIM1_UP_TIM16_IRQHandler
                0x0000000008002140                SPI1_IRQHandler
                0x0000000008002140                TIM8_UP_IRQHandler
                0x0000000008002140                DMA2_Channel2_IRQHandler
                0x0000000008002140                DMA1_Channel4_IRQHandler
                0x0000000008002140                SAI2_IRQHandler
                0x0000000008002140                DFSDM1_FLT3_IRQHandler
                0x0000000008002140                USART3_IRQHandler
                0x0000000008002140                DMA1_Channel7_IRQHandler
                0x0000000008002140                CAN1_RX1_IRQHandler
                0x0000000008002140                LCD_IRQHandler
                0x0000000008002140                UART5_IRQHandler
                0x0000000008002140                ADC3_IRQHandler
                0x0000000008002140                DMA2_Channel1_IRQHandler
                0x0000000008002140                QUADSPI_IRQHandler
                0x0000000008002140                I2C1_EV_IRQHandler
                0x0000000008002140                DMA1_Channel6_IRQHandler
                0x0000000008002140                UART4_IRQHandler
                0x0000000008002140                DMA2_Channel4_IRQHandler
                0x0000000008002140                RCC_IRQHandler
                0x0000000008002140                DMA1_Channel1_IRQHandler
                0x0000000008002140                Default_Handler
                0x0000000008002140                DMA2_Channel7_IRQHandler
                0x0000000008002140                TIM7_IRQHandler
                0x0000000008002140                SDMMC1_IRQHandler
                0x0000000008002140                TIM5_IRQHandler
                0x0000000008002140                I2C3_EV_IRQHandler
                0x0000000008002140                RTC_WKUP_IRQHandler
                0x0000000008002140                PVD_PVM_IRQHandler
                0x0000000008002140                SPI2_IRQHandler
                0x0000000008002140                CAN1_TX_IRQHandler
                0x0000000008002140                DMA2_Channel5_IRQHandler
                0x0000000008002140                DMA1_Channel5_IRQHandler
                0x0000000008002140                EXTI4_IRQHandler
                0x0000000008002140                RNG_IRQHandler
                0x0000000008002140                TIM1_TRG_COM_TIM17_IRQHandler
                0x0000000008002140                DMA1_Channel3_IRQHandler
                0x0000000008002140                COMP_IRQHandler
                0x0000000008002140                WWDG_IRQHandler
                0x0000000008002140                LPUART1_IRQHandler
                0x0000000008002140                DMA2_Channel6_IRQHandler
                0x0000000008002140                TIM2_IRQHandler
                0x0000000008002140                EXTI1_IRQHandler
                0x0000000008002140                DFSDM1_FLT0_IRQHandler
                0x0000000008002140                I2C2_ER_IRQHandler
                0x0000000008002140                DMA1_Channel2_IRQHandler
                0x0000000008002140                TIM8_BRK_IRQHandler
                0x0000000008002140                CAN1_SCE_IRQHandler
                0x0000000008002140                USART1_IRQHandler
                0x0000000008002140                OTG_FS_IRQHandler
                0x0000000008002140                SPI3_IRQHandler
                0x0000000008002140                I2C1_ER_IRQHandler
                0x0000000008002140                FMC_IRQHandler
                0x0000000008002140                SWPMI1_IRQHandler
                0x0000000008002140                LPTIM1_IRQHandler
                0x0000000008002140                SAI1_IRQHandler
                0x0000000008002140                DMA2_Channel3_IRQHandler
                0x0000000008002140                TIM1_BRK_TIM15_IRQHandler
 *fill*         0x0000000008002142        0x2 
 .text.HAL_Init
                0x0000000008002144       0x40 ./Drivers/STM32L4xx_HAL_Driver/Src/stm32l4xx_hal.o
                0x0000000008002144                HAL_Init
 .text.HAL_InitTick
                0x0000000008002184       0x78 ./Drivers/STM32L4xx_HAL_Driver/Src/stm32l4xx_hal.o
                0x0000000008002184                HAL_InitTick
 .text.HAL_IncTick
                0x00000000080021fc       0x28 ./Drivers/STM32L4xx_HAL_Driver/Src/stm32l4xx_hal.o
                0x00000000080021fc                HAL_IncTick
 .text.HAL_GetTick
                0x0000000008002224       0x18 ./Drivers/STM32L4xx_HAL_Driver/Src/stm32l4xx_hal.o
                0x0000000008002224                HAL_GetTick
 .text.HAL_Delay
                0x000000000800223c       0x48 ./Drivers/STM32L4xx_HAL_Driver/Src/stm32l4xx_hal.o
                0x000000000800223c                HAL_Delay
 .text.LL_ADC_SetCommonClock
                0x0000000008002284       0x26 ./Drivers/STM32L4xx_HAL_Driver/Src/stm32l4xx_hal_adc.o
 .text.LL_ADC_SetCommonPathInternalCh
                0x00000000080022aa       0x26 ./Drivers/STM32L4xx_HAL_Driver/Src/stm32l4xx_hal_adc.o
 .text.LL_ADC_GetCommonPathInternalCh
                0x00000000080022d0       0x1c ./Drivers/STM32L4xx_HAL_Driver/Src/stm32l4xx_hal_adc.o
 .text.LL_ADC_SetOffset
                0x00000000080022ec       0x48 ./Drivers/STM32L4xx_HAL_Driver/Src/stm32l4xx_hal_adc.o
 .text.LL_ADC_GetOffsetChannel
                0x0000000008002334       0x2c ./Drivers/STM32L4xx_HAL_Driver/Src/stm32l4xx_hal_adc.o
 .text.LL_ADC_SetOffsetState
                0x0000000008002360       0x36 ./Drivers/STM32L4xx_HAL_Driver/Src/stm32l4xx_hal_adc.o
 .text.LL_ADC_REG_IsTriggerSourceSWStart
                0x0000000008002396       0x26 ./Drivers/STM32L4xx_HAL_Driver/Src/stm32l4xx_hal_adc.o
 .text.LL_ADC_REG_SetSequencerRanks
                0x00000000080023bc       0x58 ./Drivers/STM32L4xx_HAL_Driver/Src/stm32l4xx_hal_adc.o
 .text.LL_ADC_INJ_IsTriggerSourceSWStart
                0x0000000008002414       0x26 ./Drivers/STM32L4xx_HAL_Driver/Src/stm32l4xx_hal_adc.o
 .text.LL_ADC_SetChannelSamplingTime
                0x000000000800243a       0x56 ./Drivers/STM32L4xx_HAL_Driver/Src/stm32l4xx_hal_adc.o
 .text.LL_ADC_SetChannelSingleDiff
                0x0000000008002490       0x48 ./Drivers/STM32L4xx_HAL_Driver/Src/stm32l4xx_hal_adc.o
 .text.LL_ADC_GetMultimode
                0x00000000080024d8       0x1c ./Drivers/STM32L4xx_HAL_Driver/Src/stm32l4xx_hal_adc.o
 .text.LL_ADC_GetMultiDMATransfer
                0x00000000080024f4       0x1c ./Drivers/STM32L4xx_HAL_Driver/Src/stm32l4xx_hal_adc.o
 .text.LL_ADC_DisableDeepPowerDown
                0x0000000008002510       0x24 ./Drivers/STM32L4xx_HAL_Driver/Src/stm32l4xx_hal_adc.o
 .text.LL_ADC_IsDeepPowerDownEnabled
                0x0000000008002534       0x28 ./Drivers/STM32L4xx_HAL_Driver/Src/stm32l4xx_hal_adc.o
 .text.LL_ADC_EnableInternalRegulator
                0x000000000800255c       0x28 ./Drivers/STM32L4xx_HAL_Driver/Src/stm32l4xx_hal_adc.o
 .text.LL_ADC_IsInternalRegulatorEnabled
                0x0000000008002584       0x28 ./Drivers/STM32L4xx_HAL_Driver/Src/stm32l4xx_hal_adc.o
 .text.LL_ADC_Enable
                0x00000000080025ac       0x28 ./Drivers/STM32L4xx_HAL_Driver/Src/stm32l4xx_hal_adc.o
 .text.LL_ADC_IsEnabled
                0x00000000080025d4       0x26 ./Drivers/STM32L4xx_HAL_Driver/Src/stm32l4xx_hal_adc.o
 .text.LL_ADC_REG_StartConversion
                0x00000000080025fa       0x28 ./Drivers/STM32L4xx_HAL_Driver/Src/stm32l4xx_hal_adc.o
 .text.LL_ADC_REG_IsConversionOngoing
                0x0000000008002622       0x26 ./Drivers/STM32L4xx_HAL_Driver/Src/stm32l4xx_hal_adc.o
 .text.LL_ADC_INJ_IsConversionOngoing
                0x0000000008002648       0x26 ./Drivers/STM32L4xx_HAL_Driver/Src/stm32l4xx_hal_adc.o
 *fill*         0x000000000800266e        0x2 
 .text.HAL_ADC_Init
                0x0000000008002670      0x2ac ./Drivers/STM32L4xx_HAL_Driver/Src/stm32l4xx_hal_adc.o
                0x0000000008002670                HAL_ADC_Init
 .text.HAL_ADC_Start_IT
                0x000000000800291c      0x264 ./Drivers/STM32L4xx_HAL_Driver/Src/stm32l4xx_hal_adc.o
                0x000000000800291c                HAL_ADC_Start_IT
 .text.HAL_ADC_IRQHandler
                0x0000000008002b80      0x434 ./Drivers/STM32L4xx_HAL_Driver/Src/stm32l4xx_hal_adc.o
                0x0000000008002b80                HAL_ADC_IRQHandler
 .text.HAL_ADC_LevelOutOfWindowCallback
                0x0000000008002fb4       0x14 ./Drivers/STM32L4xx_HAL_Driver/Src/stm32l4xx_hal_adc.o
                0x0000000008002fb4                HAL_ADC_LevelOutOfWindowCallback
 .text.HAL_ADC_ErrorCallback
                0x0000000008002fc8       0x14 ./Drivers/STM32L4xx_HAL_Driver/Src/stm32l4xx_hal_adc.o
                0x0000000008002fc8                HAL_ADC_ErrorCallback
 .text.HAL_ADC_ConfigChannel
                0x0000000008002fdc      0x7e0 ./Drivers/STM32L4xx_HAL_Driver/Src/stm32l4xx_hal_adc.o
                0x0000000008002fdc                HAL_ADC_ConfigChannel
 .text.ADC_Enable
                0x00000000080037bc      0x10c ./Drivers/STM32L4xx_HAL_Driver/Src/stm32l4xx_hal_adc.o
                0x00000000080037bc                ADC_Enable
 .text.LL_ADC_IsEnabled
                0x00000000080038c8       0x26 ./Drivers/STM32L4xx_HAL_Driver/Src/stm32l4xx_hal_adc_ex.o
 .text.LL_ADC_REG_IsConversionOngoing
                0x00000000080038ee       0x26 ./Drivers/STM32L4xx_HAL_Driver/Src/stm32l4xx_hal_adc_ex.o
 .text.HAL_ADCEx_InjectedConvCpltCallback
                0x0000000008003914       0x14 ./Drivers/STM32L4xx_HAL_Driver/Src/stm32l4xx_hal_adc_ex.o
                0x0000000008003914                HAL_ADCEx_InjectedConvCpltCallback
 .text.HAL_ADCEx_InjectedQueueOverflowCallback
                0x0000000008003928       0x14 ./Drivers/STM32L4xx_HAL_Driver/Src/stm32l4xx_hal_adc_ex.o
                0x0000000008003928                HAL_ADCEx_InjectedQueueOverflowCallback
 .text.HAL_ADCEx_LevelOutOfWindow2Callback
                0x000000000800393c       0x14 ./Drivers/STM32L4xx_HAL_Driver/Src/stm32l4xx_hal_adc_ex.o
                0x000000000800393c                HAL_ADCEx_LevelOutOfWindow2Callback
 .text.HAL_ADCEx_LevelOutOfWindow3Callback
                0x0000000008003950       0x14 ./Drivers/STM32L4xx_HAL_Driver/Src/stm32l4xx_hal_adc_ex.o
                0x0000000008003950                HAL_ADCEx_LevelOutOfWindow3Callback
 .text.HAL_ADCEx_EndOfSamplingCallback
                0x0000000008003964       0x14 ./Drivers/STM32L4xx_HAL_Driver/Src/stm32l4xx_hal_adc_ex.o
                0x0000000008003964                HAL_ADCEx_EndOfSamplingCallback
 .text.HAL_ADCEx_MultiModeConfigChannel
                0x0000000008003978      0x160 ./Drivers/STM32L4xx_HAL_Driver/Src/stm32l4xx_hal_adc_ex.o
                0x0000000008003978                HAL_ADCEx_MultiModeConfigChannel
 .text.__NVIC_SetPriorityGrouping
                0x0000000008003ad8       0x48 ./Drivers/STM32L4xx_HAL_Driver/Src/stm32l4xx_hal_cortex.o
 .text.__NVIC_GetPriorityGrouping
                0x0000000008003b20       0x1c ./Drivers/STM32L4xx_HAL_Driver/Src/stm32l4xx_hal_cortex.o
 .text.__NVIC_EnableIRQ
                0x0000000008003b3c       0x3c ./Drivers/STM32L4xx_HAL_Driver/Src/stm32l4xx_hal_cortex.o
 .text.__NVIC_SetPriority
                0x0000000008003b78       0x54 ./Drivers/STM32L4xx_HAL_Driver/Src/stm32l4xx_hal_cortex.o
 .text.NVIC_EncodePriority
                0x0000000008003bcc       0x66 ./Drivers/STM32L4xx_HAL_Driver/Src/stm32l4xx_hal_cortex.o
 *fill*         0x0000000008003c32        0x2 
 .text.SysTick_Config
                0x0000000008003c34       0x44 ./Drivers/STM32L4xx_HAL_Driver/Src/stm32l4xx_hal_cortex.o
 .text.HAL_NVIC_SetPriorityGrouping
                0x0000000008003c78       0x16 ./Drivers/STM32L4xx_HAL_Driver/Src/stm32l4xx_hal_cortex.o
                0x0000000008003c78                HAL_NVIC_SetPriorityGrouping
 .text.HAL_NVIC_SetPriority
                0x0000000008003c8e       0x38 ./Drivers/STM32L4xx_HAL_Driver/Src/stm32l4xx_hal_cortex.o
                0x0000000008003c8e                HAL_NVIC_SetPriority
 .text.HAL_NVIC_EnableIRQ
                0x0000000008003cc6       0x1c ./Drivers/STM32L4xx_HAL_Driver/Src/stm32l4xx_hal_cortex.o
                0x0000000008003cc6                HAL_NVIC_EnableIRQ
 .text.HAL_SYSTICK_Config
                0x0000000008003ce2       0x18 ./Drivers/STM32L4xx_HAL_Driver/Src/stm32l4xx_hal_cortex.o
                0x0000000008003ce2                HAL_SYSTICK_Config
 .text.HAL_DMA_Abort
                0x0000000008003cfa       0x7c ./Drivers/STM32L4xx_HAL_Driver/Src/stm32l4xx_hal_dma.o
                0x0000000008003cfa                HAL_DMA_Abort
 .text.HAL_DMA_Abort_IT
                0x0000000008003d76       0x82 ./Drivers/STM32L4xx_HAL_Driver/Src/stm32l4xx_hal_dma.o
                0x0000000008003d76                HAL_DMA_Abort_IT
 .text.HAL_FLASH_IRQHandler
                0x0000000008003df8      0x1b0 ./Drivers/STM32L4xx_HAL_Driver/Src/stm32l4xx_hal_flash.o
                0x0000000008003df8                HAL_FLASH_IRQHandler
 .text.HAL_FLASH_EndOfOperationCallback
                0x0000000008003fa8       0x14 ./Drivers/STM32L4xx_HAL_Driver/Src/stm32l4xx_hal_flash.o
                0x0000000008003fa8                HAL_FLASH_EndOfOperationCallback
 .text.HAL_FLASH_OperationErrorCallback
                0x0000000008003fbc       0x14 ./Drivers/STM32L4xx_HAL_Driver/Src/stm32l4xx_hal_flash.o
                0x0000000008003fbc                HAL_FLASH_OperationErrorCallback
 .text.HAL_FLASH_Unlock
                0x0000000008003fd0       0x44 ./Drivers/STM32L4xx_HAL_Driver/Src/stm32l4xx_hal_flash.o
                0x0000000008003fd0                HAL_FLASH_Unlock
 .text.HAL_FLASHEx_Erase_IT
                0x0000000008004014       0xe4 ./Drivers/STM32L4xx_HAL_Driver/Src/stm32l4xx_hal_flash_ex.o
                0x0000000008004014                HAL_FLASHEx_Erase_IT
 .text.FLASH_MassErase
                0x00000000080040f8       0x50 ./Drivers/STM32L4xx_HAL_Driver/Src/stm32l4xx_hal_flash_ex.o
 .text.FLASH_PageErase
                0x0000000008004148       0x6c ./Drivers/STM32L4xx_HAL_Driver/Src/stm32l4xx_hal_flash_ex.o
                0x0000000008004148                FLASH_PageErase
 .text.FLASH_FlushCaches
                0x00000000080041b4       0x94 ./Drivers/STM32L4xx_HAL_Driver/Src/stm32l4xx_hal_flash_ex.o
                0x00000000080041b4                FLASH_FlushCaches
 .text.HAL_GPIO_Init
                0x0000000008004248      0x354 ./Drivers/STM32L4xx_HAL_Driver/Src/stm32l4xx_hal_gpio.o
                0x0000000008004248                HAL_GPIO_Init
 .text.HAL_GPIO_WritePin
                0x000000000800459c       0x30 ./Drivers/STM32L4xx_HAL_Driver/Src/stm32l4xx_hal_gpio.o
                0x000000000800459c                HAL_GPIO_WritePin
 .text.HAL_GPIO_TogglePin
                0x00000000080045cc       0x34 ./Drivers/STM32L4xx_HAL_Driver/Src/stm32l4xx_hal_gpio.o
                0x00000000080045cc                HAL_GPIO_TogglePin
 .text.HAL_GPIO_EXTI_IRQHandler
                0x0000000008004600       0x30 ./Drivers/STM32L4xx_HAL_Driver/Src/stm32l4xx_hal_gpio.o
                0x0000000008004600                HAL_GPIO_EXTI_IRQHandler
 .text.HAL_PWREx_GetVoltageRange
                0x0000000008004630       0x1c ./Drivers/STM32L4xx_HAL_Driver/Src/stm32l4xx_hal_pwr_ex.o
                0x0000000008004630                HAL_PWREx_GetVoltageRange
 .text.HAL_PWREx_ControlVoltageScaling
                0x000000000800464c       0xac ./Drivers/STM32L4xx_HAL_Driver/Src/stm32l4xx_hal_pwr_ex.o
                0x000000000800464c                HAL_PWREx_ControlVoltageScaling
 .text.HAL_RCC_OscConfig
                0x00000000080046f8      0x7b8 ./Drivers/STM32L4xx_HAL_Driver/Src/stm32l4xx_hal_rcc.o
                0x00000000080046f8                HAL_RCC_OscConfig
 .text.HAL_RCC_ClockConfig
                0x0000000008004eb0      0x200 ./Drivers/STM32L4xx_HAL_Driver/Src/stm32l4xx_hal_rcc.o
                0x0000000008004eb0                HAL_RCC_ClockConfig
 .text.HAL_RCC_GetSysClockFreq
                0x00000000080050b0      0x118 ./Drivers/STM32L4xx_HAL_Driver/Src/stm32l4xx_hal_rcc.o
                0x00000000080050b0                HAL_RCC_GetSysClockFreq
 .text.HAL_RCC_GetHCLKFreq
                0x00000000080051c8       0x18 ./Drivers/STM32L4xx_HAL_Driver/Src/stm32l4xx_hal_rcc.o
                0x00000000080051c8                HAL_RCC_GetHCLKFreq
 .text.HAL_RCC_GetPCLK1Freq
                0x00000000080051e0       0x2c ./Drivers/STM32L4xx_HAL_Driver/Src/stm32l4xx_hal_rcc.o
                0x00000000080051e0                HAL_RCC_GetPCLK1Freq
 .text.HAL_RCC_GetPCLK2Freq
                0x000000000800520c       0x2c ./Drivers/STM32L4xx_HAL_Driver/Src/stm32l4xx_hal_rcc.o
                0x000000000800520c                HAL_RCC_GetPCLK2Freq
 .text.RCC_SetFlashLatencyFromMSIRange
                0x0000000008005238       0xc0 ./Drivers/STM32L4xx_HAL_Driver/Src/stm32l4xx_hal_rcc.o
 .text.HAL_RCCEx_PeriphCLKConfig
                0x00000000080052f8      0x5d4 ./Drivers/STM32L4xx_HAL_Driver/Src/stm32l4xx_hal_rcc_ex.o
                0x00000000080052f8                HAL_RCCEx_PeriphCLKConfig
 .text.RCCEx_PLLSAI1_Config
                0x00000000080058cc      0x1e8 ./Drivers/STM32L4xx_HAL_Driver/Src/stm32l4xx_hal_rcc_ex.o
 .text.RCCEx_PLLSAI2_Config
                0x0000000008005ab4      0x1bc ./Drivers/STM32L4xx_HAL_Driver/Src/stm32l4xx_hal_rcc_ex.o
 .text.HAL_TIM_Base_Init
                0x0000000008005c70       0xae ./Drivers/STM32L4xx_HAL_Driver/Src/stm32l4xx_hal_tim.o
                0x0000000008005c70                HAL_TIM_Base_Init
 *fill*         0x0000000008005d1e        0x2 
 .text.HAL_TIM_Base_Start
                0x0000000008005d20       0xd0 ./Drivers/STM32L4xx_HAL_Driver/Src/stm32l4xx_hal_tim.o
                0x0000000008005d20                HAL_TIM_Base_Start
 .text.HAL_TIM_Base_Stop
                0x0000000008005df0       0x4e ./Drivers/STM32L4xx_HAL_Driver/Src/stm32l4xx_hal_tim.o
                0x0000000008005df0                HAL_TIM_Base_Stop
 *fill*         0x0000000008005e3e        0x2 
 .text.HAL_TIM_Base_Start_IT
                0x0000000008005e40       0xe0 ./Drivers/STM32L4xx_HAL_Driver/Src/stm32l4xx_hal_tim.o
                0x0000000008005e40                HAL_TIM_Base_Start_IT
 .text.HAL_TIM_PWM_Init
                0x0000000008005f20       0xae ./Drivers/STM32L4xx_HAL_Driver/Src/stm32l4xx_hal_tim.o
                0x0000000008005f20                HAL_TIM_PWM_Init
 *fill*         0x0000000008005fce        0x2 
 .text.HAL_TIM_PWM_Start
                0x0000000008005fd0      0x20c ./Drivers/STM32L4xx_HAL_Driver/Src/stm32l4xx_hal_tim.o
                0x0000000008005fd0                HAL_TIM_PWM_Start
 .text.HAL_TIM_PWM_Stop
                0x00000000080061dc      0x12c ./Drivers/STM32L4xx_HAL_Driver/Src/stm32l4xx_hal_tim.o
                0x00000000080061dc                HAL_TIM_PWM_Stop
 .text.HAL_TIM_PWM_Start_IT
                0x0000000008006308      0x2a8 ./Drivers/STM32L4xx_HAL_Driver/Src/stm32l4xx_hal_tim.o
                0x0000000008006308                HAL_TIM_PWM_Start_IT
 .text.HAL_TIM_PWM_Stop_IT
                0x00000000080065b0      0x1c8 ./Drivers/STM32L4xx_HAL_Driver/Src/stm32l4xx_hal_tim.o
                0x00000000080065b0                HAL_TIM_PWM_Stop_IT
 .text.HAL_TIM_IRQHandler
                0x0000000008006778      0x23e ./Drivers/STM32L4xx_HAL_Driver/Src/stm32l4xx_hal_tim.o
                0x0000000008006778                HAL_TIM_IRQHandler
 *fill*         0x00000000080069b6        0x2 
 .text.HAL_TIM_PWM_ConfigChannel
                0x00000000080069b8      0x228 ./Drivers/STM32L4xx_HAL_Driver/Src/stm32l4xx_hal_tim.o
                0x00000000080069b8                HAL_TIM_PWM_ConfigChannel
 .text.HAL_TIM_ConfigClockSource
                0x0000000008006be0      0x192 ./Drivers/STM32L4xx_HAL_Driver/Src/stm32l4xx_hal_tim.o
                0x0000000008006be0                HAL_TIM_ConfigClockSource
 .text.HAL_TIM_OC_DelayElapsedCallback
                0x0000000008006d72       0x14 ./Drivers/STM32L4xx_HAL_Driver/Src/stm32l4xx_hal_tim.o
                0x0000000008006d72                HAL_TIM_OC_DelayElapsedCallback
 .text.HAL_TIM_IC_CaptureCallback
                0x0000000008006d86       0x14 ./Drivers/STM32L4xx_HAL_Driver/Src/stm32l4xx_hal_tim.o
                0x0000000008006d86                HAL_TIM_IC_CaptureCallback
 .text.HAL_TIM_TriggerCallback
                0x0000000008006d9a       0x14 ./Drivers/STM32L4xx_HAL_Driver/Src/stm32l4xx_hal_tim.o
                0x0000000008006d9a                HAL_TIM_TriggerCallback
 *fill*         0x0000000008006dae        0x2 
 .text.TIM_Base_SetConfig
                0x0000000008006db0      0x134 ./Drivers/STM32L4xx_HAL_Driver/Src/stm32l4xx_hal_tim.o
                0x0000000008006db0                TIM_Base_SetConfig
 .text.TIM_OC1_SetConfig
                0x0000000008006ee4      0x120 ./Drivers/STM32L4xx_HAL_Driver/Src/stm32l4xx_hal_tim.o
 .text.TIM_OC2_SetConfig
                0x0000000008007004      0x114 ./Drivers/STM32L4xx_HAL_Driver/Src/stm32l4xx_hal_tim.o
                0x0000000008007004                TIM_OC2_SetConfig
 .text.TIM_OC3_SetConfig
                0x0000000008007118      0x110 ./Drivers/STM32L4xx_HAL_Driver/Src/stm32l4xx_hal_tim.o
 .text.TIM_OC4_SetConfig
                0x0000000008007228       0xd4 ./Drivers/STM32L4xx_HAL_Driver/Src/stm32l4xx_hal_tim.o
 .text.TIM_OC5_SetConfig
                0x00000000080072fc       0xc8 ./Drivers/STM32L4xx_HAL_Driver/Src/stm32l4xx_hal_tim.o
 .text.TIM_OC6_SetConfig
                0x00000000080073c4       0xcc ./Drivers/STM32L4xx_HAL_Driver/Src/stm32l4xx_hal_tim.o
 .text.TIM_TI1_ConfigInputStage
                0x0000000008007490       0x5e ./Drivers/STM32L4xx_HAL_Driver/Src/stm32l4xx_hal_tim.o
 .text.TIM_TI2_ConfigInputStage
                0x00000000080074ee       0x60 ./Drivers/STM32L4xx_HAL_Driver/Src/stm32l4xx_hal_tim.o
 .text.TIM_ITRx_SetConfig
                0x000000000800754e       0x36 ./Drivers/STM32L4xx_HAL_Driver/Src/stm32l4xx_hal_tim.o
 .text.TIM_ETR_SetConfig
                0x0000000008007584       0x40 ./Drivers/STM32L4xx_HAL_Driver/Src/stm32l4xx_hal_tim.o
                0x0000000008007584                TIM_ETR_SetConfig
 .text.TIM_CCxChannelCmd
                0x00000000080075c4       0x4a ./Drivers/STM32L4xx_HAL_Driver/Src/stm32l4xx_hal_tim.o
                0x00000000080075c4                TIM_CCxChannelCmd
 *fill*         0x000000000800760e        0x2 
 .text.HAL_TIMEx_MasterConfigSynchronization
                0x0000000008007610      0x110 ./Drivers/STM32L4xx_HAL_Driver/Src/stm32l4xx_hal_tim_ex.o
                0x0000000008007610                HAL_TIMEx_MasterConfigSynchronization
 .text.HAL_TIMEx_CommutCallback
                0x0000000008007720       0x14 ./Drivers/STM32L4xx_HAL_Driver/Src/stm32l4xx_hal_tim_ex.o
                0x0000000008007720                HAL_TIMEx_CommutCallback
 .text.HAL_TIMEx_BreakCallback
                0x0000000008007734       0x14 ./Drivers/STM32L4xx_HAL_Driver/Src/stm32l4xx_hal_tim_ex.o
                0x0000000008007734                HAL_TIMEx_BreakCallback
 .text.HAL_TIMEx_Break2Callback
                0x0000000008007748       0x14 ./Drivers/STM32L4xx_HAL_Driver/Src/stm32l4xx_hal_tim_ex.o
                0x0000000008007748                HAL_TIMEx_Break2Callback
 .text.HAL_UART_Init
                0x000000000800775c       0x9c ./Drivers/STM32L4xx_HAL_Driver/Src/stm32l4xx_hal_uart.o
                0x000000000800775c                HAL_UART_Init
 .text.HAL_UART_Transmit
                0x00000000080077f8      0x128 ./Drivers/STM32L4xx_HAL_Driver/Src/stm32l4xx_hal_uart.o
                0x00000000080077f8                HAL_UART_Transmit
 .text.HAL_UART_Receive
                0x0000000008007920      0x1a2 ./Drivers/STM32L4xx_HAL_Driver/Src/stm32l4xx_hal_uart.o
                0x0000000008007920                HAL_UART_Receive
 *fill*         0x0000000008007ac2        0x2 
 .text.HAL_UART_IRQHandler
                0x0000000008007ac4      0x5c4 ./Drivers/STM32L4xx_HAL_Driver/Src/stm32l4xx_hal_uart.o
                0x0000000008007ac4                HAL_UART_IRQHandler
 .text.HAL_UART_TxCpltCallback
                0x0000000008008088       0x14 ./Drivers/STM32L4xx_HAL_Driver/Src/stm32l4xx_hal_uart.o
                0x0000000008008088                HAL_UART_TxCpltCallback
 .text.HAL_UART_ErrorCallback
                0x000000000800809c       0x14 ./Drivers/STM32L4xx_HAL_Driver/Src/stm32l4xx_hal_uart.o
                0x000000000800809c                HAL_UART_ErrorCallback
 .text.HAL_UARTEx_RxEventCallback
                0x00000000080080b0       0x18 ./Drivers/STM32L4xx_HAL_Driver/Src/stm32l4xx_hal_uart.o
                0x00000000080080b0                HAL_UARTEx_RxEventCallback
 .text.UART_SetConfig
                0x00000000080080c8      0x570 ./Drivers/STM32L4xx_HAL_Driver/Src/stm32l4xx_hal_uart.o
                0x00000000080080c8                UART_SetConfig
 .text.UART_AdvFeatureConfig
                0x0000000008008638      0x144 ./Drivers/STM32L4xx_HAL_Driver/Src/stm32l4xx_hal_uart.o
                0x0000000008008638                UART_AdvFeatureConfig
 .text.UART_CheckIdleState
                0x000000000800877c       0x92 ./Drivers/STM32L4xx_HAL_Driver/Src/stm32l4xx_hal_uart.o
                0x000000000800877c                UART_CheckIdleState
 .text.UART_WaitOnFlagUntilTimeout
                0x000000000800880e      0x188 ./Drivers/STM32L4xx_HAL_Driver/Src/stm32l4xx_hal_uart.o
                0x000000000800880e                UART_WaitOnFlagUntilTimeout
 .text.UART_EndRxTransfer
                0x0000000008008996       0xc6 ./Drivers/STM32L4xx_HAL_Driver/Src/stm32l4xx_hal_uart.o
 .text.UART_DMAAbortOnError
                0x0000000008008a5c       0x2c ./Drivers/STM32L4xx_HAL_Driver/Src/stm32l4xx_hal_uart.o
 .text.UART_EndTransmit_IT
                0x0000000008008a88       0x54 ./Drivers/STM32L4xx_HAL_Driver/Src/stm32l4xx_hal_uart.o
 .text.HAL_UARTEx_WakeupCallback
                0x0000000008008adc       0x14 ./Drivers/STM32L4xx_HAL_Driver/Src/stm32l4xx_hal_uart_ex.o
                0x0000000008008adc                HAL_UARTEx_WakeupCallback
 .text.atoi     0x0000000008008af0        0x8 c:/st/stm32cubeide_1.9.0/stm32cubeide/plugins/com.st.stm32cube.ide.mcu.externaltools.gnu-tools-for-stm32.10.3-2021.10.win32_1.0.0.202111181127/tools/bin/../lib/gcc/arm-none-eabi/10.3.1/../../../../arm-none-eabi/lib/thumb/v7e-m+fp/hard\libc_nano.a(lib_a-atoi.o)
                0x0000000008008af0                atoi
 .text.__errno  0x0000000008008af8        0xc c:/st/stm32cubeide_1.9.0/stm32cubeide/plugins/com.st.stm32cube.ide.mcu.externaltools.gnu-tools-for-stm32.10.3-2021.10.win32_1.0.0.202111181127/tools/bin/../lib/gcc/arm-none-eabi/10.3.1/../../../../arm-none-eabi/lib/thumb/v7e-m+fp/hard\libc_nano.a(lib_a-errno.o)
                0x0000000008008af8                __errno
 .text.__libc_init_array
                0x0000000008008b04       0x48 c:/st/stm32cubeide_1.9.0/stm32cubeide/plugins/com.st.stm32cube.ide.mcu.externaltools.gnu-tools-for-stm32.10.3-2021.10.win32_1.0.0.202111181127/tools/bin/../lib/gcc/arm-none-eabi/10.3.1/../../../../arm-none-eabi/lib/thumb/v7e-m+fp/hard\libc_nano.a(lib_a-init.o)
                0x0000000008008b04                __libc_init_array
 .text.memset   0x0000000008008b4c       0x10 c:/st/stm32cubeide_1.9.0/stm32cubeide/plugins/com.st.stm32cube.ide.mcu.externaltools.gnu-tools-for-stm32.10.3-2021.10.win32_1.0.0.202111181127/tools/bin/../lib/gcc/arm-none-eabi/10.3.1/../../../../arm-none-eabi/lib/thumb/v7e-m+fp/hard\libc_nano.a(lib_a-memset.o)
                0x0000000008008b4c                memset
 .text.printf   0x0000000008008b5c       0x30 c:/st/stm32cubeide_1.9.0/stm32cubeide/plugins/com.st.stm32cube.ide.mcu.externaltools.gnu-tools-for-stm32.10.3-2021.10.win32_1.0.0.202111181127/tools/bin/../lib/gcc/arm-none-eabi/10.3.1/../../../../arm-none-eabi/lib/thumb/v7e-m+fp/hard\libc_nano.a(lib_a-printf.o)
                0x0000000008008b5c                iprintf
                0x0000000008008b5c                printf
 .text._puts_r  0x0000000008008b8c       0xdc c:/st/stm32cubeide_1.9.0/stm32cubeide/plugins/com.st.stm32cube.ide.mcu.externaltools.gnu-tools-for-stm32.10.3-2021.10.win32_1.0.0.202111181127/tools/bin/../lib/gcc/arm-none-eabi/10.3.1/../../../../arm-none-eabi/lib/thumb/v7e-m+fp/hard\libc_nano.a(lib_a-puts.o)
                0x0000000008008b8c                _puts_r
 .text.puts     0x0000000008008c68       0x10 c:/st/stm32cubeide_1.9.0/stm32cubeide/plugins/com.st.stm32cube.ide.mcu.externaltools.gnu-tools-for-stm32.10.3-2021.10.win32_1.0.0.202111181127/tools/bin/../lib/gcc/arm-none-eabi/10.3.1/../../../../arm-none-eabi/lib/thumb/v7e-m+fp/hard\libc_nano.a(lib_a-puts.o)
                0x0000000008008c68                puts
 .text.sscanf   0x0000000008008c78       0x58 c:/st/stm32cubeide_1.9.0/stm32cubeide/plugins/com.st.stm32cube.ide.mcu.externaltools.gnu-tools-for-stm32.10.3-2021.10.win32_1.0.0.202111181127/tools/bin/../lib/gcc/arm-none-eabi/10.3.1/../../../../arm-none-eabi/lib/thumb/v7e-m+fp/hard\libc_nano.a(lib_a-sscanf.o)
                0x0000000008008c78                siscanf
                0x0000000008008c78                sscanf
 .text.__sread  0x0000000008008cd0       0x22 c:/st/stm32cubeide_1.9.0/stm32cubeide/plugins/com.st.stm32cube.ide.mcu.externaltools.gnu-tools-for-stm32.10.3-2021.10.win32_1.0.0.202111181127/tools/bin/../lib/gcc/arm-none-eabi/10.3.1/../../../../arm-none-eabi/lib/thumb/v7e-m+fp/hard\libc_nano.a(lib_a-stdio.o)
                0x0000000008008cd0                __sread
 .text.__seofread
                0x0000000008008cf2        0x4 c:/st/stm32cubeide_1.9.0/stm32cubeide/plugins/com.st.stm32cube.ide.mcu.externaltools.gnu-tools-for-stm32.10.3-2021.10.win32_1.0.0.202111181127/tools/bin/../lib/gcc/arm-none-eabi/10.3.1/../../../../arm-none-eabi/lib/thumb/v7e-m+fp/hard\libc_nano.a(lib_a-stdio.o)
                0x0000000008008cf2                __seofread
 .text.__swrite
                0x0000000008008cf6       0x38 c:/st/stm32cubeide_1.9.0/stm32cubeide/plugins/com.st.stm32cube.ide.mcu.externaltools.gnu-tools-for-stm32.10.3-2021.10.win32_1.0.0.202111181127/tools/bin/../lib/gcc/arm-none-eabi/10.3.1/../../../../arm-none-eabi/lib/thumb/v7e-m+fp/hard\libc_nano.a(lib_a-stdio.o)
                0x0000000008008cf6                __swrite
 .text.__sseek  0x0000000008008d2e       0x24 c:/st/stm32cubeide_1.9.0/stm32cubeide/plugins/com.st.stm32cube.ide.mcu.externaltools.gnu-tools-for-stm32.10.3-2021.10.win32_1.0.0.202111181127/tools/bin/../lib/gcc/arm-none-eabi/10.3.1/../../../../arm-none-eabi/lib/thumb/v7e-m+fp/hard\libc_nano.a(lib_a-stdio.o)
                0x0000000008008d2e                __sseek
 .text.__sclose
                0x0000000008008d52        0x8 c:/st/stm32cubeide_1.9.0/stm32cubeide/plugins/com.st.stm32cube.ide.mcu.externaltools.gnu-tools-for-stm32.10.3-2021.10.win32_1.0.0.202111181127/tools/bin/../lib/gcc/arm-none-eabi/10.3.1/../../../../arm-none-eabi/lib/thumb/v7e-m+fp/hard\libc_nano.a(lib_a-stdio.o)
                0x0000000008008d52                __sclose
 *fill*         0x0000000008008d5a        0x2 
 .text._strtol_l.constprop.0
                0x0000000008008d5c      0x104 c:/st/stm32cubeide_1.9.0/stm32cubeide/plugins/com.st.stm32cube.ide.mcu.externaltools.gnu-tools-for-stm32.10.3-2021.10.win32_1.0.0.202111181127/tools/bin/../lib/gcc/arm-none-eabi/10.3.1/../../../../arm-none-eabi/lib/thumb/v7e-m+fp/hard\libc_nano.a(lib_a-strtol.o)
 .text._strtol_r
                0x0000000008008e60        0x4 c:/st/stm32cubeide_1.9.0/stm32cubeide/plugins/com.st.stm32cube.ide.mcu.externaltools.gnu-tools-for-stm32.10.3-2021.10.win32_1.0.0.202111181127/tools/bin/../lib/gcc/arm-none-eabi/10.3.1/../../../../arm-none-eabi/lib/thumb/v7e-m+fp/hard\libc_nano.a(lib_a-strtol.o)
                0x0000000008008e60                _strtol_r
 .text.strtol   0x0000000008008e64       0x14 c:/st/stm32cubeide_1.9.0/stm32cubeide/plugins/com.st.stm32cube.ide.mcu.externaltools.gnu-tools-for-stm32.10.3-2021.10.win32_1.0.0.202111181127/tools/bin/../lib/gcc/arm-none-eabi/10.3.1/../../../../arm-none-eabi/lib/thumb/v7e-m+fp/hard\libc_nano.a(lib_a-strtol.o)
                0x0000000008008e64                strtol
 .text.__swbuf_r
                0x0000000008008e78       0xa4 c:/st/stm32cubeide_1.9.0/stm32cubeide/plugins/com.st.stm32cube.ide.mcu.externaltools.gnu-tools-for-stm32.10.3-2021.10.win32_1.0.0.202111181127/tools/bin/../lib/gcc/arm-none-eabi/10.3.1/../../../../arm-none-eabi/lib/thumb/v7e-m+fp/hard\libc_nano.a(lib_a-wbuf.o)
                0x0000000008008e78                __swbuf_r
 .text._write_r
                0x0000000008008f1c       0x24 c:/st/stm32cubeide_1.9.0/stm32cubeide/plugins/com.st.stm32cube.ide.mcu.externaltools.gnu-tools-for-stm32.10.3-2021.10.win32_1.0.0.202111181127/tools/bin/../lib/gcc/arm-none-eabi/10.3.1/../../../../arm-none-eabi/lib/thumb/v7e-m+fp/hard\libc_nano.a(lib_a-writer.o)
                0x0000000008008f1c                _write_r
 .text.__swsetup_r
                0x0000000008008f40       0xdc c:/st/stm32cubeide_1.9.0/stm32cubeide/plugins/com.st.stm32cube.ide.mcu.externaltools.gnu-tools-for-stm32.10.3-2021.10.win32_1.0.0.202111181127/tools/bin/../lib/gcc/arm-none-eabi/10.3.1/../../../../arm-none-eabi/lib/thumb/v7e-m+fp/hard\libc_nano.a(lib_a-wsetup.o)
                0x0000000008008f40                __swsetup_r
 .text._close_r
                0x000000000800901c       0x20 c:/st/stm32cubeide_1.9.0/stm32cubeide/plugins/com.st.stm32cube.ide.mcu.externaltools.gnu-tools-for-stm32.10.3-2021.10.win32_1.0.0.202111181127/tools/bin/../lib/gcc/arm-none-eabi/10.3.1/../../../../arm-none-eabi/lib/thumb/v7e-m+fp/hard\libc_nano.a(lib_a-closer.o)
                0x000000000800901c                _close_r
 .text.__sflush_r
                0x000000000800903c      0x10c c:/st/stm32cubeide_1.9.0/stm32cubeide/plugins/com.st.stm32cube.ide.mcu.externaltools.gnu-tools-for-stm32.10.3-2021.10.win32_1.0.0.202111181127/tools/bin/../lib/gcc/arm-none-eabi/10.3.1/../../../../arm-none-eabi/lib/thumb/v7e-m+fp/hard\libc_nano.a(lib_a-fflush.o)
                0x000000000800903c                __sflush_r
 .text._fflush_r
                0x0000000008009148       0x78 c:/st/stm32cubeide_1.9.0/stm32cubeide/plugins/com.st.stm32cube.ide.mcu.externaltools.gnu-tools-for-stm32.10.3-2021.10.win32_1.0.0.202111181127/tools/bin/../lib/gcc/arm-none-eabi/10.3.1/../../../../arm-none-eabi/lib/thumb/v7e-m+fp/hard\libc_nano.a(lib_a-fflush.o)
                0x0000000008009148                _fflush_r
 .text.std      0x00000000080091c0       0x48 c:/st/stm32cubeide_1.9.0/stm32cubeide/plugins/com.st.stm32cube.ide.mcu.externaltools.gnu-tools-for-stm32.10.3-2021.10.win32_1.0.0.202111181127/tools/bin/../lib/gcc/arm-none-eabi/10.3.1/../../../../arm-none-eabi/lib/thumb/v7e-m+fp/hard\libc_nano.a(lib_a-findfp.o)
 .text._cleanup_r
                0x0000000008009208        0xc c:/st/stm32cubeide_1.9.0/stm32cubeide/plugins/com.st.stm32cube.ide.mcu.externaltools.gnu-tools-for-stm32.10.3-2021.10.win32_1.0.0.202111181127/tools/bin/../lib/gcc/arm-none-eabi/10.3.1/../../../../arm-none-eabi/lib/thumb/v7e-m+fp/hard\libc_nano.a(lib_a-findfp.o)
                0x0000000008009208                _cleanup_r
 .text.__sfmoreglue
                0x0000000008009214       0x2c c:/st/stm32cubeide_1.9.0/stm32cubeide/plugins/com.st.stm32cube.ide.mcu.externaltools.gnu-tools-for-stm32.10.3-2021.10.win32_1.0.0.202111181127/tools/bin/../lib/gcc/arm-none-eabi/10.3.1/../../../../arm-none-eabi/lib/thumb/v7e-m+fp/hard\libc_nano.a(lib_a-findfp.o)
                0x0000000008009214                __sfmoreglue
 .text.__sfp_lock_acquire
                0x0000000008009240        0xc c:/st/stm32cubeide_1.9.0/stm32cubeide/plugins/com.st.stm32cube.ide.mcu.externaltools.gnu-tools-for-stm32.10.3-2021.10.win32_1.0.0.202111181127/tools/bin/../lib/gcc/arm-none-eabi/10.3.1/../../../../arm-none-eabi/lib/thumb/v7e-m+fp/hard\libc_nano.a(lib_a-findfp.o)
                0x0000000008009240                __sfp_lock_acquire
 .text.__sfp_lock_release
                0x000000000800924c        0xc c:/st/stm32cubeide_1.9.0/stm32cubeide/plugins/com.st.stm32cube.ide.mcu.externaltools.gnu-tools-for-stm32.10.3-2021.10.win32_1.0.0.202111181127/tools/bin/../lib/gcc/arm-none-eabi/10.3.1/../../../../arm-none-eabi/lib/thumb/v7e-m+fp/hard\libc_nano.a(lib_a-findfp.o)
                0x000000000800924c                __sfp_lock_release
 .text.__sinit_lock_acquire
                0x0000000008009258        0xc c:/st/stm32cubeide_1.9.0/stm32cubeide/plugins/com.st.stm32cube.ide.mcu.externaltools.gnu-tools-for-stm32.10.3-2021.10.win32_1.0.0.202111181127/tools/bin/../lib/gcc/arm-none-eabi/10.3.1/../../../../arm-none-eabi/lib/thumb/v7e-m+fp/hard\libc_nano.a(lib_a-findfp.o)
                0x0000000008009258                __sinit_lock_acquire
 .text.__sinit_lock_release
                0x0000000008009264        0xc c:/st/stm32cubeide_1.9.0/stm32cubeide/plugins/com.st.stm32cube.ide.mcu.externaltools.gnu-tools-for-stm32.10.3-2021.10.win32_1.0.0.202111181127/tools/bin/../lib/gcc/arm-none-eabi/10.3.1/../../../../arm-none-eabi/lib/thumb/v7e-m+fp/hard\libc_nano.a(lib_a-findfp.o)
                0x0000000008009264                __sinit_lock_release
 .text.__sinit  0x0000000008009270       0x70 c:/st/stm32cubeide_1.9.0/stm32cubeide/plugins/com.st.stm32cube.ide.mcu.externaltools.gnu-tools-for-stm32.10.3-2021.10.win32_1.0.0.202111181127/tools/bin/../lib/gcc/arm-none-eabi/10.3.1/../../../../arm-none-eabi/lib/thumb/v7e-m+fp/hard\libc_nano.a(lib_a-findfp.o)
                0x0000000008009270                __sinit
 .text.__sfp    0x00000000080092e0       0x8c c:/st/stm32cubeide_1.9.0/stm32cubeide/plugins/com.st.stm32cube.ide.mcu.externaltools.gnu-tools-for-stm32.10.3-2021.10.win32_1.0.0.202111181127/tools/bin/../lib/gcc/arm-none-eabi/10.3.1/../../../../arm-none-eabi/lib/thumb/v7e-m+fp/hard\libc_nano.a(lib_a-findfp.o)
                0x00000000080092e0                __sfp
 .text._fwalk_reent
                0x000000000800936c       0x3e c:/st/stm32cubeide_1.9.0/stm32cubeide/plugins/com.st.stm32cube.ide.mcu.externaltools.gnu-tools-for-stm32.10.3-2021.10.win32_1.0.0.202111181127/tools/bin/../lib/gcc/arm-none-eabi/10.3.1/../../../../arm-none-eabi/lib/thumb/v7e-m+fp/hard\libc_nano.a(lib_a-fwalk.o)
                0x000000000800936c                _fwalk_reent
 .text.__retarget_lock_init_recursive
                0x00000000080093aa        0x2 c:/st/stm32cubeide_1.9.0/stm32cubeide/plugins/com.st.stm32cube.ide.mcu.externaltools.gnu-tools-for-stm32.10.3-2021.10.win32_1.0.0.202111181127/tools/bin/../lib/gcc/arm-none-eabi/10.3.1/../../../../arm-none-eabi/lib/thumb/v7e-m+fp/hard\libc_nano.a(lib_a-lock.o)
                0x00000000080093aa                __retarget_lock_init_recursive
 .text.__retarget_lock_acquire_recursive
                0x00000000080093ac        0x2 c:/st/stm32cubeide_1.9.0/stm32cubeide/plugins/com.st.stm32cube.ide.mcu.externaltools.gnu-tools-for-stm32.10.3-2021.10.win32_1.0.0.202111181127/tools/bin/../lib/gcc/arm-none-eabi/10.3.1/../../../../arm-none-eabi/lib/thumb/v7e-m+fp/hard\libc_nano.a(lib_a-lock.o)
                0x00000000080093ac                __retarget_lock_acquire_recursive
 .text.__retarget_lock_release_recursive
                0x00000000080093ae        0x2 c:/st/stm32cubeide_1.9.0/stm32cubeide/plugins/com.st.stm32cube.ide.mcu.externaltools.gnu-tools-for-stm32.10.3-2021.10.win32_1.0.0.202111181127/tools/bin/../lib/gcc/arm-none-eabi/10.3.1/../../../../arm-none-eabi/lib/thumb/v7e-m+fp/hard\libc_nano.a(lib_a-lock.o)
                0x00000000080093ae                __retarget_lock_release_recursive
 .text._lseek_r
                0x00000000080093b0       0x24 c:/st/stm32cubeide_1.9.0/stm32cubeide/plugins/com.st.stm32cube.ide.mcu.externaltools.gnu-tools-for-stm32.10.3-2021.10.win32_1.0.0.202111181127/tools/bin/../lib/gcc/arm-none-eabi/10.3.1/../../../../arm-none-eabi/lib/thumb/v7e-m+fp/hard\libc_nano.a(lib_a-lseekr.o)
                0x00000000080093b0                _lseek_r
 .text.__swhatbuf_r
                0x00000000080093d4       0x4a c:/st/stm32cubeide_1.9.0/stm32cubeide/plugins/com.st.stm32cube.ide.mcu.externaltools.gnu-tools-for-stm32.10.3-2021.10.win32_1.0.0.202111181127/tools/bin/../lib/gcc/arm-none-eabi/10.3.1/../../../../arm-none-eabi/lib/thumb/v7e-m+fp/hard\libc_nano.a(lib_a-makebuf.o)
                0x00000000080093d4                __swhatbuf_r
 *fill*         0x000000000800941e        0x2 
 .text.__smakebuf_r
                0x0000000008009420       0x80 c:/st/stm32cubeide_1.9.0/stm32cubeide/plugins/com.st.stm32cube.ide.mcu.externaltools.gnu-tools-for-stm32.10.3-2021.10.win32_1.0.0.202111181127/tools/bin/../lib/gcc/arm-none-eabi/10.3.1/../../../../arm-none-eabi/lib/thumb/v7e-m+fp/hard\libc_nano.a(lib_a-makebuf.o)
                0x0000000008009420                __smakebuf_r
 .text._free_r  0x00000000080094a0       0x98 c:/st/stm32cubeide_1.9.0/stm32cubeide/plugins/com.st.stm32cube.ide.mcu.externaltools.gnu-tools-for-stm32.10.3-2021.10.win32_1.0.0.202111181127/tools/bin/../lib/gcc/arm-none-eabi/10.3.1/../../../../arm-none-eabi/lib/thumb/v7e-m+fp/hard\libc_nano.a(lib_a-nano-freer.o)
                0x00000000080094a0                _free_r
 .text.sbrk_aligned
                0x0000000008009538       0x40 c:/st/stm32cubeide_1.9.0/stm32cubeide/plugins/com.st.stm32cube.ide.mcu.externaltools.gnu-tools-for-stm32.10.3-2021.10.win32_1.0.0.202111181127/tools/bin/../lib/gcc/arm-none-eabi/10.3.1/../../../../arm-none-eabi/lib/thumb/v7e-m+fp/hard\libc_nano.a(lib_a-nano-mallocr.o)
 .text._malloc_r
                0x0000000008009578       0xe8 c:/st/stm32cubeide_1.9.0/stm32cubeide/plugins/com.st.stm32cube.ide.mcu.externaltools.gnu-tools-for-stm32.10.3-2021.10.win32_1.0.0.202111181127/tools/bin/../lib/gcc/arm-none-eabi/10.3.1/../../../../arm-none-eabi/lib/thumb/v7e-m+fp/hard\libc_nano.a(lib_a-nano-mallocr.o)
                0x0000000008009578                _malloc_r
 .text._sungetc_r
                0x0000000008009660       0x7a c:/st/stm32cubeide_1.9.0/stm32cubeide/plugins/com.st.stm32cube.ide.mcu.externaltools.gnu-tools-for-stm32.10.3-2021.10.win32_1.0.0.202111181127/tools/bin/../lib/gcc/arm-none-eabi/10.3.1/../../../../arm-none-eabi/lib/thumb/v7e-m+fp/hard\libc_nano.a(lib_a-nano-svfscanf.o)
                0x0000000008009660                _sungetc_r
 .text.__ssrefill_r
                0x00000000080096da       0x3a c:/st/stm32cubeide_1.9.0/stm32cubeide/plugins/com.st.stm32cube.ide.mcu.externaltools.gnu-tools-for-stm32.10.3-2021.10.win32_1.0.0.202111181127/tools/bin/../lib/gcc/arm-none-eabi/10.3.1/../../../../arm-none-eabi/lib/thumb/v7e-m+fp/hard\libc_nano.a(lib_a-nano-svfscanf.o)
                0x00000000080096da                __ssrefill_r
 .text.__ssvfscanf_r
                0x0000000008009714      0x2f0 c:/st/stm32cubeide_1.9.0/stm32cubeide/plugins/com.st.stm32cube.ide.mcu.externaltools.gnu-tools-for-stm32.10.3-2021.10.win32_1.0.0.202111181127/tools/bin/../lib/gcc/arm-none-eabi/10.3.1/../../../../arm-none-eabi/lib/thumb/v7e-m+fp/hard\libc_nano.a(lib_a-nano-svfscanf.o)
                0x0000000008009714                __ssvfiscanf_r
                0x0000000008009714                __ssvfscanf_r
 .text.__sfputc_r
                0x0000000008009a04       0x2e c:/st/stm32cubeide_1.9.0/stm32cubeide/plugins/com.st.stm32cube.ide.mcu.externaltools.gnu-tools-for-stm32.10.3-2021.10.win32_1.0.0.202111181127/tools/bin/../lib/gcc/arm-none-eabi/10.3.1/../../../../arm-none-eabi/lib/thumb/v7e-m+fp/hard\libc_nano.a(lib_a-nano-vfprintf.o)
 .text.__sfputs_r
                0x0000000008009a32       0x24 c:/st/stm32cubeide_1.9.0/stm32cubeide/plugins/com.st.stm32cube.ide.mcu.externaltools.gnu-tools-for-stm32.10.3-2021.10.win32_1.0.0.202111181127/tools/bin/../lib/gcc/arm-none-eabi/10.3.1/../../../../arm-none-eabi/lib/thumb/v7e-m+fp/hard\libc_nano.a(lib_a-nano-vfprintf.o)
                0x0000000008009a32                __sfputs_r
 *fill*         0x0000000008009a56        0x2 
 .text._vfprintf_r
                0x0000000008009a58      0x260 c:/st/stm32cubeide_1.9.0/stm32cubeide/plugins/com.st.stm32cube.ide.mcu.externaltools.gnu-tools-for-stm32.10.3-2021.10.win32_1.0.0.202111181127/tools/bin/../lib/gcc/arm-none-eabi/10.3.1/../../../../arm-none-eabi/lib/thumb/v7e-m+fp/hard\libc_nano.a(lib_a-nano-vfprintf.o)
                0x0000000008009a58                _vfprintf_r
                0x0000000008009a58                _vfiprintf_r
 .text._printf_common
                0x0000000008009cb8       0xda c:/st/stm32cubeide_1.9.0/stm32cubeide/plugins/com.st.stm32cube.ide.mcu.externaltools.gnu-tools-for-stm32.10.3-2021.10.win32_1.0.0.202111181127/tools/bin/../lib/gcc/arm-none-eabi/10.3.1/../../../../arm-none-eabi/lib/thumb/v7e-m+fp/hard\libc_nano.a(lib_a-nano-vfprintf_i.o)
                0x0000000008009cb8                _printf_common
 *fill*         0x0000000008009d92        0x2 
 .text._printf_i
                0x0000000008009d94      0x24c c:/st/stm32cubeide_1.9.0/stm32cubeide/plugins/com.st.stm32cube.ide.mcu.externaltools.gnu-tools-for-stm32.10.3-2021.10.win32_1.0.0.202111181127/tools/bin/../lib/gcc/arm-none-eabi/10.3.1/../../../../arm-none-eabi/lib/thumb/v7e-m+fp/hard\libc_nano.a(lib_a-nano-vfprintf_i.o)
                0x0000000008009d94                _printf_i
 .text._scanf_chars
                0x0000000008009fe0       0xb4 c:/st/stm32cubeide_1.9.0/stm32cubeide/plugins/com.st.stm32cube.ide.mcu.externaltools.gnu-tools-for-stm32.10.3-2021.10.win32_1.0.0.202111181127/tools/bin/../lib/gcc/arm-none-eabi/10.3.1/../../../../arm-none-eabi/lib/thumb/v7e-m+fp/hard\libc_nano.a(lib_a-nano-vfscanf_i.o)
                0x0000000008009fe0                _scanf_chars
 .text._scanf_i
                0x000000000800a094      0x1f0 c:/st/stm32cubeide_1.9.0/stm32cubeide/plugins/com.st.stm32cube.ide.mcu.externaltools.gnu-tools-for-stm32.10.3-2021.10.win32_1.0.0.202111181127/tools/bin/../lib/gcc/arm-none-eabi/10.3.1/../../../../arm-none-eabi/lib/thumb/v7e-m+fp/hard\libc_nano.a(lib_a-nano-vfscanf_i.o)
                0x000000000800a094                _scanf_i
 .text._read_r  0x000000000800a284       0x24 c:/st/stm32cubeide_1.9.0/stm32cubeide/plugins/com.st.stm32cube.ide.mcu.externaltools.gnu-tools-for-stm32.10.3-2021.10.win32_1.0.0.202111181127/tools/bin/../lib/gcc/arm-none-eabi/10.3.1/../../../../arm-none-eabi/lib/thumb/v7e-m+fp/hard\libc_nano.a(lib_a-readr.o)
                0x000000000800a284                _read_r
 .text._sbrk_r  0x000000000800a2a8       0x20 c:/st/stm32cubeide_1.9.0/stm32cubeide/plugins/com.st.stm32cube.ide.mcu.externaltools.gnu-tools-for-stm32.10.3-2021.10.win32_1.0.0.202111181127/tools/bin/../lib/gcc/arm-none-eabi/10.3.1/../../../../arm-none-eabi/lib/thumb/v7e-m+fp/hard\libc_nano.a(lib_a-sbrkr.o)
                0x000000000800a2a8                _sbrk_r
 .text.__sccl   0x000000000800a2c8       0x70 c:/st/stm32cubeide_1.9.0/stm32cubeide/plugins/com.st.stm32cube.ide.mcu.externaltools.gnu-tools-for-stm32.10.3-2021.10.win32_1.0.0.202111181127/tools/bin/../lib/gcc/arm-none-eabi/10.3.1/../../../../arm-none-eabi/lib/thumb/v7e-m+fp/hard\libc_nano.a(lib_a-sccl.o)
                0x000000000800a2c8                __sccl
 .text._strtoul_l.constprop.0
                0x000000000800a338       0xe4 c:/st/stm32cubeide_1.9.0/stm32cubeide/plugins/com.st.stm32cube.ide.mcu.externaltools.gnu-tools-for-stm32.10.3-2021.10.win32_1.0.0.202111181127/tools/bin/../lib/gcc/arm-none-eabi/10.3.1/../../../../arm-none-eabi/lib/thumb/v7e-m+fp/hard\libc_nano.a(lib_a-strtoul.o)
 .text._strtoul_r
                0x000000000800a41c        0x4 c:/st/stm32cubeide_1.9.0/stm32cubeide/plugins/com.st.stm32cube.ide.mcu.externaltools.gnu-tools-for-stm32.10.3-2021.10.win32_1.0.0.202111181127/tools/bin/../lib/gcc/arm-none-eabi/10.3.1/../../../../arm-none-eabi/lib/thumb/v7e-m+fp/hard\libc_nano.a(lib_a-strtoul.o)
                0x000000000800a41c                _strtoul_r
 .text.__submore
                0x000000000800a420       0x74 c:/st/stm32cubeide_1.9.0/stm32cubeide/plugins/com.st.stm32cube.ide.mcu.externaltools.gnu-tools-for-stm32.10.3-2021.10.win32_1.0.0.202111181127/tools/bin/../lib/gcc/arm-none-eabi/10.3.1/../../../../arm-none-eabi/lib/thumb/v7e-m+fp/hard\libc_nano.a(lib_a-ungetc.o)
                0x000000000800a420                __submore
 .text._fstat_r
                0x000000000800a494       0x24 c:/st/stm32cubeide_1.9.0/stm32cubeide/plugins/com.st.stm32cube.ide.mcu.externaltools.gnu-tools-for-stm32.10.3-2021.10.win32_1.0.0.202111181127/tools/bin/../lib/gcc/arm-none-eabi/10.3.1/../../../../arm-none-eabi/lib/thumb/v7e-m+fp/hard\libc_nano.a(lib_a-fstatr.o)
                0x000000000800a494                _fstat_r
 .text._isatty_r
                0x000000000800a4b8       0x20 c:/st/stm32cubeide_1.9.0/stm32cubeide/plugins/com.st.stm32cube.ide.mcu.externaltools.gnu-tools-for-stm32.10.3-2021.10.win32_1.0.0.202111181127/tools/bin/../lib/gcc/arm-none-eabi/10.3.1/../../../../arm-none-eabi/lib/thumb/v7e-m+fp/hard\libc_nano.a(lib_a-isattyr.o)
                0x000000000800a4b8                _isatty_r
 .text.memcpy   0x000000000800a4d8       0x1c c:/st/stm32cubeide_1.9.0/stm32cubeide/plugins/com.st.stm32cube.ide.mcu.externaltools.gnu-tools-for-stm32.10.3-2021.10.win32_1.0.0.202111181127/tools/bin/../lib/gcc/arm-none-eabi/10.3.1/../../../../arm-none-eabi/lib/thumb/v7e-m+fp/hard\libc_nano.a(lib_a-memcpy-stub.o)
                0x000000000800a4d8                memcpy
 .text.__malloc_lock
                0x000000000800a4f4        0xc c:/st/stm32cubeide_1.9.0/stm32cubeide/plugins/com.st.stm32cube.ide.mcu.externaltools.gnu-tools-for-stm32.10.3-2021.10.win32_1.0.0.202111181127/tools/bin/../lib/gcc/arm-none-eabi/10.3.1/../../../../arm-none-eabi/lib/thumb/v7e-m+fp/hard\libc_nano.a(lib_a-mlock.o)
                0x000000000800a4f4                __malloc_lock
 .text.__malloc_unlock
                0x000000000800a500        0xc c:/st/stm32cubeide_1.9.0/stm32cubeide/plugins/com.st.stm32cube.ide.mcu.externaltools.gnu-tools-for-stm32.10.3-2021.10.win32_1.0.0.202111181127/tools/bin/../lib/gcc/arm-none-eabi/10.3.1/../../../../arm-none-eabi/lib/thumb/v7e-m+fp/hard\libc_nano.a(lib_a-mlock.o)
                0x000000000800a500                __malloc_unlock
 .text._realloc_r
                0x000000000800a50c       0x5e c:/st/stm32cubeide_1.9.0/stm32cubeide/plugins/com.st.stm32cube.ide.mcu.externaltools.gnu-tools-for-stm32.10.3-2021.10.win32_1.0.0.202111181127/tools/bin/../lib/gcc/arm-none-eabi/10.3.1/../../../../arm-none-eabi/lib/thumb/v7e-m+fp/hard\libc_nano.a(lib_a-nano-reallocr.o)
                0x000000000800a50c                _realloc_r
 .text._malloc_usable_size_r
                0x000000000800a56a       0x10 c:/st/stm32cubeide_1.9.0/stm32cubeide/plugins/com.st.stm32cube.ide.mcu.externaltools.gnu-tools-for-stm32.10.3-2021.10.win32_1.0.0.202111181127/tools/bin/../lib/gcc/arm-none-eabi/10.3.1/../../../../arm-none-eabi/lib/thumb/v7e-m+fp/hard\libc_nano.a(lib_a-nano-msizer.o)
                0x000000000800a56a                _malloc_usable_size_r
 *(.glue_7)
 .glue_7        0x000000000800a57a        0x0 linker stubs
 *(.glue_7t)
 .glue_7t       0x000000000800a57a        0x0 linker stubs
 *(.eh_frame)
 *fill*         0x000000000800a57a        0x2 
 .eh_frame      0x000000000800a57c        0x0 c:/st/stm32cubeide_1.9.0/stm32cubeide/plugins/com.st.stm32cube.ide.mcu.externaltools.gnu-tools-for-stm32.10.3-2021.10.win32_1.0.0.202111181127/tools/bin/../lib/gcc/arm-none-eabi/10.3.1/thumb/v7e-m+fp/hard/crtbegin.o
 *(.init)
 .init          0x000000000800a57c        0x4 c:/st/stm32cubeide_1.9.0/stm32cubeide/plugins/com.st.stm32cube.ide.mcu.externaltools.gnu-tools-for-stm32.10.3-2021.10.win32_1.0.0.202111181127/tools/bin/../lib/gcc/arm-none-eabi/10.3.1/thumb/v7e-m+fp/hard/crti.o
                0x000000000800a57c                _init
 .init          0x000000000800a580        0x8 c:/st/stm32cubeide_1.9.0/stm32cubeide/plugins/com.st.stm32cube.ide.mcu.externaltools.gnu-tools-for-stm32.10.3-2021.10.win32_1.0.0.202111181127/tools/bin/../lib/gcc/arm-none-eabi/10.3.1/thumb/v7e-m+fp/hard/crtn.o
 *(.fini)
 .fini          0x000000000800a588        0x4 c:/st/stm32cubeide_1.9.0/stm32cubeide/plugins/com.st.stm32cube.ide.mcu.externaltools.gnu-tools-for-stm32.10.3-2021.10.win32_1.0.0.202111181127/tools/bin/../lib/gcc/arm-none-eabi/10.3.1/thumb/v7e-m+fp/hard/crti.o
                0x000000000800a588                _fini
 .fini          0x000000000800a58c        0x8 c:/st/stm32cubeide_1.9.0/stm32cubeide/plugins/com.st.stm32cube.ide.mcu.externaltools.gnu-tools-for-stm32.10.3-2021.10.win32_1.0.0.202111181127/tools/bin/../lib/gcc/arm-none-eabi/10.3.1/thumb/v7e-m+fp/hard/crtn.o
                0x000000000800a594                . = ALIGN (0x4)
                0x000000000800a594                _etext = .

.vfp11_veneer   0x000000000800a594        0x0
 .vfp11_veneer  0x000000000800a594        0x0 linker stubs

.v4_bx          0x000000000800a594        0x0
 .v4_bx         0x000000000800a594        0x0 linker stubs

.iplt           0x000000000800a594        0x0
 .iplt          0x000000000800a594        0x0 c:/st/stm32cubeide_1.9.0/stm32cubeide/plugins/com.st.stm32cube.ide.mcu.externaltools.gnu-tools-for-stm32.10.3-2021.10.win32_1.0.0.202111181127/tools/bin/../lib/gcc/arm-none-eabi/10.3.1/thumb/v7e-m+fp/hard/crtbegin.o

.rodata         0x000000000800a594      0x318
                0x000000000800a594                . = ALIGN (0x4)
 *(.rodata)
 .rodata        0x000000000800a594       0x7c ./Core/Src/CLI.o
 .rodata        0x000000000800a610       0x20 ./Core/Src/Flash.o
 .rodata        0x000000000800a630        0xe ./Core/Src/LED.o
 *fill*         0x000000000800a63e        0x2 
 .rodata        0x000000000800a640       0x1d ./Core/Src/comtask.o
 *fill*         0x000000000800a65d        0x3 
 .rodata        0x000000000800a660        0xe ./Core/Src/mybuzzer.o
 *fill*         0x000000000800a66e        0x2 
 .rodata        0x000000000800a670       0x2f ./Core/Src/mymain.o
 *fill*         0x000000000800a69f        0x1 
 .rodata        0x000000000800a6a0        0xc c:/st/stm32cubeide_1.9.0/stm32cubeide/plugins/com.st.stm32cube.ide.mcu.externaltools.gnu-tools-for-stm32.10.3-2021.10.win32_1.0.0.202111181127/tools/bin/../lib/gcc/arm-none-eabi/10.3.1/../../../../arm-none-eabi/lib/thumb/v7e-m+fp/hard\libc_nano.a(lib_a-nano-vfscanf_i.o)
 *(.rodata*)
 .rodata.AHBPrescTable
                0x000000000800a6ac       0x10 ./Core/Src/system_stm32l4xx.o
                0x000000000800a6ac                AHBPrescTable
 .rodata.APBPrescTable
                0x000000000800a6bc        0x8 ./Core/Src/system_stm32l4xx.o
                0x000000000800a6bc                APBPrescTable
 .rodata.MSIRangeTable
                0x000000000800a6c4       0x30 ./Core/Src/system_stm32l4xx.o
                0x000000000800a6c4                MSIRangeTable
 .rodata._global_impure_ptr
                0x000000000800a6f4        0x4 c:/st/stm32cubeide_1.9.0/stm32cubeide/plugins/com.st.stm32cube.ide.mcu.externaltools.gnu-tools-for-stm32.10.3-2021.10.win32_1.0.0.202111181127/tools/bin/../lib/gcc/arm-none-eabi/10.3.1/../../../../arm-none-eabi/lib/thumb/v7e-m+fp/hard\libc_nano.a(lib_a-impure.o)
                0x000000000800a6f4                _global_impure_ptr
 .rodata._ctype_
                0x000000000800a6f8      0x101 c:/st/stm32cubeide_1.9.0/stm32cubeide/plugins/com.st.stm32cube.ide.mcu.externaltools.gnu-tools-for-stm32.10.3-2021.10.win32_1.0.0.202111181127/tools/bin/../lib/gcc/arm-none-eabi/10.3.1/../../../../arm-none-eabi/lib/thumb/v7e-m+fp/hard\libc_nano.a(lib_a-ctype_.o)
                0x000000000800a6f8                _ctype_
 *fill*         0x000000000800a7f9        0x3 
 .rodata.__sf_fake_stderr
                0x000000000800a7fc       0x20 c:/st/stm32cubeide_1.9.0/stm32cubeide/plugins/com.st.stm32cube.ide.mcu.externaltools.gnu-tools-for-stm32.10.3-2021.10.win32_1.0.0.202111181127/tools/bin/../lib/gcc/arm-none-eabi/10.3.1/../../../../arm-none-eabi/lib/thumb/v7e-m+fp/hard\libc_nano.a(lib_a-findfp.o)
                0x000000000800a7fc                __sf_fake_stderr
 .rodata.__sf_fake_stdin
                0x000000000800a81c       0x20 c:/st/stm32cubeide_1.9.0/stm32cubeide/plugins/com.st.stm32cube.ide.mcu.externaltools.gnu-tools-for-stm32.10.3-2021.10.win32_1.0.0.202111181127/tools/bin/../lib/gcc/arm-none-eabi/10.3.1/../../../../arm-none-eabi/lib/thumb/v7e-m+fp/hard\libc_nano.a(lib_a-findfp.o)
                0x000000000800a81c                __sf_fake_stdin
 .rodata.__sf_fake_stdout
                0x000000000800a83c       0x20 c:/st/stm32cubeide_1.9.0/stm32cubeide/plugins/com.st.stm32cube.ide.mcu.externaltools.gnu-tools-for-stm32.10.3-2021.10.win32_1.0.0.202111181127/tools/bin/../lib/gcc/arm-none-eabi/10.3.1/../../../../arm-none-eabi/lib/thumb/v7e-m+fp/hard\libc_nano.a(lib_a-findfp.o)
                0x000000000800a83c                __sf_fake_stdout
 .rodata.__ssvfscanf_r.str1.1
                0x000000000800a85c        0x4 c:/st/stm32cubeide_1.9.0/stm32cubeide/plugins/com.st.stm32cube.ide.mcu.externaltools.gnu-tools-for-stm32.10.3-2021.10.win32_1.0.0.202111181127/tools/bin/../lib/gcc/arm-none-eabi/10.3.1/../../../../arm-none-eabi/lib/thumb/v7e-m+fp/hard\libc_nano.a(lib_a-nano-svfscanf.o)
 .rodata._vfprintf_r.str1.1
                0x000000000800a860        0xd c:/st/stm32cubeide_1.9.0/stm32cubeide/plugins/com.st.stm32cube.ide.mcu.externaltools.gnu-tools-for-stm32.10.3-2021.10.win32_1.0.0.202111181127/tools/bin/../lib/gcc/arm-none-eabi/10.3.1/../../../../arm-none-eabi/lib/thumb/v7e-m+fp/hard\libc_nano.a(lib_a-nano-vfprintf.o)
                                         0x11 (size before relaxing)
 .rodata._printf_i.str1.1
                0x000000000800a86d       0x22 c:/st/stm32cubeide_1.9.0/stm32cubeide/plugins/com.st.stm32cube.ide.mcu.externaltools.gnu-tools-for-stm32.10.3-2021.10.win32_1.0.0.202111181127/tools/bin/../lib/gcc/arm-none-eabi/10.3.1/../../../../arm-none-eabi/lib/thumb/v7e-m+fp/hard\libc_nano.a(lib_a-nano-vfprintf_i.o)
 .rodata.str1.1
                0x000000000800a88f        0x9 c:/st/stm32cubeide_1.9.0/stm32cubeide/plugins/com.st.stm32cube.ide.mcu.externaltools.gnu-tools-for-stm32.10.3-2021.10.win32_1.0.0.202111181127/tools/bin/../lib/gcc/arm-none-eabi/10.3.1/../../../../arm-none-eabi/lib/thumb/v7e-m+fp/hard\libc_nano.a(lib_a-nano-vfscanf_i.o)
 .rodata._scanf_i.str1.1
                0x000000000800a898       0x12 c:/st/stm32cubeide_1.9.0/stm32cubeide/plugins/com.st.stm32cube.ide.mcu.externaltools.gnu-tools-for-stm32.10.3-2021.10.win32_1.0.0.202111181127/tools/bin/../lib/gcc/arm-none-eabi/10.3.1/../../../../arm-none-eabi/lib/thumb/v7e-m+fp/hard\libc_nano.a(lib_a-nano-vfscanf_i.o)
                0x000000000800a8ac                . = ALIGN (0x4)
 *fill*         0x000000000800a8aa        0x2 

.ARM.extab      0x000000000800a8ac        0x0
                0x000000000800a8ac                . = ALIGN (0x4)
 *(.ARM.extab* .gnu.linkonce.armextab.*)
                0x000000000800a8ac                . = ALIGN (0x4)

.ARM            0x000000000800a8ac        0x8
                0x000000000800a8ac                . = ALIGN (0x4)
                0x000000000800a8ac                __exidx_start = .
 *(.ARM.exidx*)
 .ARM.exidx     0x000000000800a8ac        0x8 c:/st/stm32cubeide_1.9.0/stm32cubeide/plugins/com.st.stm32cube.ide.mcu.externaltools.gnu-tools-for-stm32.10.3-2021.10.win32_1.0.0.202111181127/tools/bin/../lib/gcc/arm-none-eabi/10.3.1/thumb/v7e-m+fp/hard\libgcc.a(_udivmoddi4.o)
                0x000000000800a8b4                __exidx_end = .
                0x000000000800a8b4                . = ALIGN (0x4)

.rel.dyn        0x000000000800a8b4        0x0
 .rel.iplt      0x000000000800a8b4        0x0 c:/st/stm32cubeide_1.9.0/stm32cubeide/plugins/com.st.stm32cube.ide.mcu.externaltools.gnu-tools-for-stm32.10.3-2021.10.win32_1.0.0.202111181127/tools/bin/../lib/gcc/arm-none-eabi/10.3.1/thumb/v7e-m+fp/hard/crtbegin.o

.preinit_array  0x000000000800a8b4        0x0
                0x000000000800a8b4                . = ALIGN (0x4)
                0x000000000800a8b4                PROVIDE (__preinit_array_start = .)
 *(.preinit_array*)
                0x000000000800a8b4                PROVIDE (__preinit_array_end = .)
                0x000000000800a8b4                . = ALIGN (0x4)

.init_array     0x000000000800a8b4        0x4
                0x000000000800a8b4                . = ALIGN (0x4)
                0x000000000800a8b4                PROVIDE (__init_array_start = .)
 *(SORT_BY_NAME(.init_array.*))
 *(.init_array*)
 .init_array    0x000000000800a8b4        0x4 c:/st/stm32cubeide_1.9.0/stm32cubeide/plugins/com.st.stm32cube.ide.mcu.externaltools.gnu-tools-for-stm32.10.3-2021.10.win32_1.0.0.202111181127/tools/bin/../lib/gcc/arm-none-eabi/10.3.1/thumb/v7e-m+fp/hard/crtbegin.o
                0x000000000800a8b8                PROVIDE (__init_array_end = .)
                0x000000000800a8b8                . = ALIGN (0x4)

.fini_array     0x000000000800a8b8        0x4
                0x000000000800a8b8                . = ALIGN (0x4)
                [!provide]                        PROVIDE (__fini_array_start = .)
 *(SORT_BY_NAME(.fini_array.*))
 *(.fini_array*)
 .fini_array    0x000000000800a8b8        0x4 c:/st/stm32cubeide_1.9.0/stm32cubeide/plugins/com.st.stm32cube.ide.mcu.externaltools.gnu-tools-for-stm32.10.3-2021.10.win32_1.0.0.202111181127/tools/bin/../lib/gcc/arm-none-eabi/10.3.1/thumb/v7e-m+fp/hard/crtbegin.o
                [!provide]                        PROVIDE (__fini_array_end = .)
                0x000000000800a8bc                . = ALIGN (0x4)
                0x000000000800a8bc                _sidata = LOADADDR (.data)

.data           0x0000000020000000      0x488 load address 0x000000000800a8bc
                0x0000000020000000                . = ALIGN (0x4)
                0x0000000020000000                _sdata = .
 *(.data)
 *(.data*)
 .data.song     0x0000000020000000      0x1f8 ./Core/Src/mymain.o
                0x0000000020000000                song
 .data.length   0x00000000200001f8      0x1f8 ./Core/Src/mymain.o
                0x00000000200001f8                length
 .data.flashdata
                0x00000000200003f0        0x4 ./Core/Src/mymain.o
                0x00000000200003f0                flashdata
 .data.maxvalue
                0x00000000200003f4        0x4 ./Core/Src/mymain.o
                0x00000000200003f4                maxvalue
 .data.SystemCoreClock
                0x00000000200003f8        0x4 ./Core/Src/system_stm32l4xx.o
                0x00000000200003f8                SystemCoreClock
 .data.uwTickPrio
                0x00000000200003fc        0x4 ./Drivers/STM32L4xx_HAL_Driver/Src/stm32l4xx_hal.o
                0x00000000200003fc                uwTickPrio
 .data.uwTickFreq
                0x0000000020000400        0x1 ./Drivers/STM32L4xx_HAL_Driver/Src/stm32l4xx_hal.o
                0x0000000020000400                uwTickFreq
 *fill*         0x0000000020000401        0x3 
 .data.pFlash   0x0000000020000404       0x20 ./Drivers/STM32L4xx_HAL_Driver/Src/stm32l4xx_hal_flash.o
                0x0000000020000404                pFlash
 .data._impure_ptr
                0x0000000020000424        0x4 c:/st/stm32cubeide_1.9.0/stm32cubeide/plugins/com.st.stm32cube.ide.mcu.externaltools.gnu-tools-for-stm32.10.3-2021.10.win32_1.0.0.202111181127/tools/bin/../lib/gcc/arm-none-eabi/10.3.1/../../../../arm-none-eabi/lib/thumb/v7e-m+fp/hard\libc_nano.a(lib_a-impure.o)
                0x0000000020000424                _impure_ptr
 .data.impure_data
                0x0000000020000428       0x60 c:/st/stm32cubeide_1.9.0/stm32cubeide/plugins/com.st.stm32cube.ide.mcu.externaltools.gnu-tools-for-stm32.10.3-2021.10.win32_1.0.0.202111181127/tools/bin/../lib/gcc/arm-none-eabi/10.3.1/../../../../arm-none-eabi/lib/thumb/v7e-m+fp/hard\libc_nano.a(lib_a-impure.o)
 *(.RamFunc)
 *(.RamFunc*)
                0x0000000020000488                . = ALIGN (0x4)
                0x0000000020000488                _edata = .

.igot.plt       0x0000000020000488        0x0 load address 0x000000000800ad44
 .igot.plt      0x0000000020000488        0x0 c:/st/stm32cubeide_1.9.0/stm32cubeide/plugins/com.st.stm32cube.ide.mcu.externaltools.gnu-tools-for-stm32.10.3-2021.10.win32_1.0.0.202111181127/tools/bin/../lib/gcc/arm-none-eabi/10.3.1/thumb/v7e-m+fp/hard/crtbegin.o
                0x0000000020000488                . = ALIGN (0x4)

.bss            0x0000000020000488      0xcd4 load address 0x000000000800ad44
                0x0000000020000488                _sbss = .
                0x0000000020000488                __bss_start__ = _sbss
 *(.bss)
 .bss           0x0000000020000488       0x1c c:/st/stm32cubeide_1.9.0/stm32cubeide/plugins/com.st.stm32cube.ide.mcu.externaltools.gnu-tools-for-stm32.10.3-2021.10.win32_1.0.0.202111181127/tools/bin/../lib/gcc/arm-none-eabi/10.3.1/thumb/v7e-m+fp/hard/crtbegin.o
 *(.bss*)
 .bss.tick      0x00000000200004a4        0x4 ./Core/Src/CLI.o
 .bss.sec       0x00000000200004a8        0x4 ./Core/Src/CLI.o
 .bss.min       0x00000000200004ac        0x4 ./Core/Src/CLI.o
 .bss.hour      0x00000000200004b0        0x4 ./Core/Src/CLI.o
 .bss.dht_byte  0x00000000200004b4        0x1 ./Core/Src/DHA_11.o
 .bss.m         0x00000000200004b5        0x1 ./Core/Src/DHA_11.o
 .bss.p         0x00000000200004b6        0x1 ./Core/Src/DHA_11.o
 *fill*         0x00000000200004b7        0x1 
 .bss.delay     0x00000000200004b8        0x4 ./Core/Src/DHA_11.o
                0x00000000200004b8                delay
 .bss.MainTimer_funcounter
                0x00000000200004bc        0x4 ./Core/Src/MainTimer.o
                0x00000000200004bc                MainTimer_funcounter
 .bss.cmdbuffer
                0x00000000200004c0       0x64 ./Core/Src/comtask.o
                0x00000000200004c0                cmdbuffer
 .bss.cmdcount  0x0000000020000524        0x4 ./Core/Src/comtask.o
                0x0000000020000524                cmdcount
 .bss.cmdprint  0x0000000020000528        0x4 ./Core/Src/comtask.o
                0x0000000020000528                cmdprint
 .bss.funcounter
                0x000000002000052c        0x4 ./Core/Src/comtask.o
                0x000000002000052c                funcounter
 .bss.hadc1     0x0000000020000530       0x64 ./Core/Src/main.o
                0x0000000020000530                hadc1
 .bss.htim1     0x0000000020000594       0x4c ./Core/Src/main.o
                0x0000000020000594                htim1
 .bss.htim3     0x00000000200005e0       0x4c ./Core/Src/main.o
                0x00000000200005e0                htim3
 .bss.htim4     0x000000002000062c       0x4c ./Core/Src/main.o
                0x000000002000062c                htim4
 .bss.htim6     0x0000000020000678       0x4c ./Core/Src/main.o
                0x0000000020000678                htim6
 .bss.huart2    0x00000000200006c4       0x84 ./Core/Src/main.o
                0x00000000200006c4                huart2
 .bss.count     0x0000000020000748        0x4 ./Core/Src/mybuzzer.o
                0x0000000020000748                count
 .bss.frame     0x000000002000074c        0x4 ./Core/Src/mybuzzer.o
                0x000000002000074c                frame
 .bss.sensor    0x0000000020000750       0x10 ./Core/Src/mymain.o
                0x0000000020000750                sensor
 .bss.ledred    0x0000000020000760       0x1c ./Core/Src/mymain.o
                0x0000000020000760                ledred
 .bss.ledblue   0x000000002000077c       0x1c ./Core/Src/mymain.o
                0x000000002000077c                ledblue
 .bss.button    0x0000000020000798       0x14 ./Core/Src/mymain.o
                0x0000000020000798                button
 .bss.clock     0x00000000200007ac        0xc ./Core/Src/mymain.o
                0x00000000200007ac                clock
 .bss.buzz      0x00000000200007b8        0xc ./Core/Src/mymain.o
                0x00000000200007b8                buzz
 .bss.adc       0x00000000200007c4        0x4 ./Core/Src/mymain.o
                0x00000000200007c4                adc
 .bss.arry      0x00000000200007c8      0x4b0 ./Core/Src/mymain.o
                0x00000000200007c8                arry
 .bss.MainTimer_arry
                0x0000000020000c78      0x4b0 ./Core/Src/mymain.o
                0x0000000020000c78                MainTimer_arry
 .bss.dht       0x0000000020001128       0x10 ./Core/Src/mymain.o
                0x0000000020001128                dht
 .bss.startdelay
                0x0000000020001138        0x4 ./Core/Src/mymain.o
                0x0000000020001138                startdelay
 .bss.DHT_data  0x000000002000113c        0x5 ./Core/Src/mymain.o
                0x000000002000113c                DHT_data
 *fill*         0x0000000020001141        0x3 
 .bss.__sbrk_heap_end
                0x0000000020001144        0x4 ./Core/Src/sysmem.o
 .bss.uwTick    0x0000000020001148        0x4 ./Drivers/STM32L4xx_HAL_Driver/Src/stm32l4xx_hal.o
                0x0000000020001148                uwTick
 .bss.__lock___malloc_recursive_mutex
                0x000000002000114c        0x1 c:/st/stm32cubeide_1.9.0/stm32cubeide/plugins/com.st.stm32cube.ide.mcu.externaltools.gnu-tools-for-stm32.10.3-2021.10.win32_1.0.0.202111181127/tools/bin/../lib/gcc/arm-none-eabi/10.3.1/../../../../arm-none-eabi/lib/thumb/v7e-m+fp/hard\libc_nano.a(lib_a-lock.o)
                0x000000002000114c                __lock___malloc_recursive_mutex
 .bss.__lock___sfp_recursive_mutex
                0x000000002000114d        0x1 c:/st/stm32cubeide_1.9.0/stm32cubeide/plugins/com.st.stm32cube.ide.mcu.externaltools.gnu-tools-for-stm32.10.3-2021.10.win32_1.0.0.202111181127/tools/bin/../lib/gcc/arm-none-eabi/10.3.1/../../../../arm-none-eabi/lib/thumb/v7e-m+fp/hard\libc_nano.a(lib_a-lock.o)
                0x000000002000114d                __lock___sfp_recursive_mutex
 .bss.__lock___sinit_recursive_mutex
                0x000000002000114e        0x1 c:/st/stm32cubeide_1.9.0/stm32cubeide/plugins/com.st.stm32cube.ide.mcu.externaltools.gnu-tools-for-stm32.10.3-2021.10.win32_1.0.0.202111181127/tools/bin/../lib/gcc/arm-none-eabi/10.3.1/../../../../arm-none-eabi/lib/thumb/v7e-m+fp/hard\libc_nano.a(lib_a-lock.o)
                0x000000002000114e                __lock___sinit_recursive_mutex
 *fill*         0x000000002000114f        0x1 
 .bss.__malloc_free_list