../Core/Src/main.c:78:5:main	8	static
../Core/Src/main.c:130:6:SystemClock_Config	96	static
../Core/Src/main.c:180:13:MX_ADC1_Init	48	static
../Core/Src/main.c:247:13:MX_TIM1_Init	40	static
../Core/Src/main.c:294:13:MX_TIM3_Init	48	static
../Core/Src/main.c:343:13:MX_TIM4_Init	64	static
../Core/Src/main.c:405:13:MX_TIM6_Init	24	static
../Core/Src/main.c:443:13:MX_USART2_UART_Init	8	static
../Core/Src/main.c:478:13:MX_GPIO_Init	48	static
../Core/Src/main.c:527:6:Error_Handler	4	static,ignoring_inline_asm
